Archive member included to satisfy reference by file (symbol)

c:/dev/tools/arm-gnu-toolchain/bin/../lib/gcc/arm-none-eabi/12.2.1/thumb/v7e-m+fp/hard\libc_nano.a(libc_a-exit.o)
                              c:/dev/tools/arm-gnu-toolchain/bin/../lib/gcc/arm-none-eabi/12.2.1/thumb/v7e-m+fp/hard/crt0.o (exit)
c:/dev/tools/arm-gnu-toolchain/bin/../lib/gcc/arm-none-eabi/12.2.1/thumb/v7e-m+fp/hard\libc_nano.a(libc_a-findfp.o)
                              c:/dev/tools/arm-gnu-toolchain/bin/../lib/gcc/arm-none-eabi/12.2.1/thumb/v7e-m+fp/hard\libc_nano.a(libc_a-exit.o) (__stdio_exit_handler)
c:/dev/tools/arm-gnu-toolchain/bin/../lib/gcc/arm-none-eabi/12.2.1/thumb/v7e-m+fp/hard\libc_nano.a(libc_a-fwalk.o)
                              c:/dev/tools/arm-gnu-toolchain/bin/../lib/gcc/arm-none-eabi/12.2.1/thumb/v7e-m+fp/hard\libc_nano.a(libc_a-findfp.o) (_fwalk_sglue)
c:/dev/tools/arm-gnu-toolchain/bin/../lib/gcc/arm-none-eabi/12.2.1/thumb/v7e-m+fp/hard\libc_nano.a(libc_a-stdio.o)
                              c:/dev/tools/arm-gnu-toolchain/bin/../lib/gcc/arm-none-eabi/12.2.1/thumb/v7e-m+fp/hard\libc_nano.a(libc_a-findfp.o) (__sread)
c:/dev/tools/arm-gnu-toolchain/bin/../lib/gcc/arm-none-eabi/12.2.1/thumb/v7e-m+fp/hard\libc_nano.a(libc_a-memset.o)
                              c:/dev/tools/arm-gnu-toolchain/bin/../lib/gcc/arm-none-eabi/12.2.1/thumb/v7e-m+fp/hard/crt0.o (memset)
c:/dev/tools/arm-gnu-toolchain/bin/../lib/gcc/arm-none-eabi/12.2.1/thumb/v7e-m+fp/hard\libc_nano.a(libc_a-closer.o)
                              c:/dev/tools/arm-gnu-toolchain/bin/../lib/gcc/arm-none-eabi/12.2.1/thumb/v7e-m+fp/hard\libc_nano.a(libc_a-stdio.o) (_close_r)
c:/dev/tools/arm-gnu-toolchain/bin/../lib/gcc/arm-none-eabi/12.2.1/thumb/v7e-m+fp/hard\libc_nano.a(libc_a-reent.o)
                              c:/dev/tools/arm-gnu-toolchain/bin/../lib/gcc/arm-none-eabi/12.2.1/thumb/v7e-m+fp/hard\libc_nano.a(libc_a-closer.o) (errno)
c:/dev/tools/arm-gnu-toolchain/bin/../lib/gcc/arm-none-eabi/12.2.1/thumb/v7e-m+fp/hard\libc_nano.a(libc_a-impure.o)
                              c:/dev/tools/arm-gnu-toolchain/bin/../lib/gcc/arm-none-eabi/12.2.1/thumb/v7e-m+fp/hard\libc_nano.a(libc_a-reent.o) (_impure_ptr)
c:/dev/tools/arm-gnu-toolchain/bin/../lib/gcc/arm-none-eabi/12.2.1/thumb/v7e-m+fp/hard\libc_nano.a(libc_a-lseekr.o)
                              c:/dev/tools/arm-gnu-toolchain/bin/../lib/gcc/arm-none-eabi/12.2.1/thumb/v7e-m+fp/hard\libc_nano.a(libc_a-stdio.o) (_lseek_r)
c:/dev/tools/arm-gnu-toolchain/bin/../lib/gcc/arm-none-eabi/12.2.1/thumb/v7e-m+fp/hard\libc_nano.a(libc_a-readr.o)
                              c:/dev/tools/arm-gnu-toolchain/bin/../lib/gcc/arm-none-eabi/12.2.1/thumb/v7e-m+fp/hard\libc_nano.a(libc_a-stdio.o) (_read_r)
c:/dev/tools/arm-gnu-toolchain/bin/../lib/gcc/arm-none-eabi/12.2.1/thumb/v7e-m+fp/hard\libc_nano.a(libc_a-writer.o)
                              c:/dev/tools/arm-gnu-toolchain/bin/../lib/gcc/arm-none-eabi/12.2.1/thumb/v7e-m+fp/hard\libc_nano.a(libc_a-stdio.o) (_write_r)
c:/dev/tools/arm-gnu-toolchain/bin/../lib/gcc/arm-none-eabi/12.2.1/thumb/v7e-m+fp/hard\libc_nano.a(libc_a-init.o)
                              c:/dev/tools/arm-gnu-toolchain/bin/../lib/gcc/arm-none-eabi/12.2.1/thumb/v7e-m+fp/hard/crt0.o (__libc_init_array)
c:/dev/tools/arm-gnu-toolchain/bin/../lib/gcc/arm-none-eabi/12.2.1/thumb/v7e-m+fp/hard\libc_nano.a(libc_a-lock.o)
                              c:/dev/tools/arm-gnu-toolchain/bin/../lib/gcc/arm-none-eabi/12.2.1/thumb/v7e-m+fp/hard\libc_nano.a(libc_a-findfp.o) (__retarget_lock_init_recursive)
c:/dev/tools/arm-gnu-toolchain/bin/../lib/gcc/arm-none-eabi/12.2.1/thumb/v7e-m+fp/hard\libc_nano.a(libc_a-memcpy-stub.o)
                              build/queue.o (memcpy)
c:/dev/tools/arm-gnu-toolchain/bin/../lib/gcc/arm-none-eabi/12.2.1/thumb/v7e-m+fp/hard\libc_nano.a(libc_a-freer.o)
                              c:/dev/tools/arm-gnu-toolchain/bin/../lib/gcc/arm-none-eabi/12.2.1/thumb/v7e-m+fp/hard\libc_nano.a(libc_a-reent.o) (_free_r)
c:/dev/tools/arm-gnu-toolchain/bin/../lib/gcc/arm-none-eabi/12.2.1/thumb/v7e-m+fp/hard\libc_nano.a(libc_a-mallocr.o)
                              c:/dev/tools/arm-gnu-toolchain/bin/../lib/gcc/arm-none-eabi/12.2.1/thumb/v7e-m+fp/hard\libc_nano.a(libc_a-findfp.o) (_malloc_r)
c:/dev/tools/arm-gnu-toolchain/bin/../lib/gcc/arm-none-eabi/12.2.1/thumb/v7e-m+fp/hard\libc_nano.a(libc_a-mlock.o)
                              c:/dev/tools/arm-gnu-toolchain/bin/../lib/gcc/arm-none-eabi/12.2.1/thumb/v7e-m+fp/hard\libc_nano.a(libc_a-freer.o) (__malloc_lock)
c:/dev/tools/arm-gnu-toolchain/bin/../lib/gcc/arm-none-eabi/12.2.1/thumb/v7e-m+fp/hard\libc_nano.a(libc_a-fflush.o)
                              c:/dev/tools/arm-gnu-toolchain/bin/../lib/gcc/arm-none-eabi/12.2.1/thumb/v7e-m+fp/hard\libc_nano.a(libc_a-findfp.o) (_fflush_r)
c:/dev/tools/arm-gnu-toolchain/bin/../lib/gcc/arm-none-eabi/12.2.1/thumb/v7e-m+fp/hard\libc_nano.a(libc_a-sbrkr.o)
[...]
Memory Configuration

Name             Origin             Length             Attributes
CCMRAM           0x10000000         0x00010000         xrw
RAM              0x20000000         0x00020000         xrw
FLASH            0x08000000         0x00100000         xr
*default*        0x00000000         0xffffffff

Linker script and memory map

LOAD c:/dev/tools/arm-gnu-toolchain/bin/../lib/gcc/arm-none-eabi/12.2.1/thumb/v7e-m+fp/hard/crti.o
LOAD c:/dev/tools/arm-gnu-toolchain/bin/../lib/gcc/arm-none-eabi/12.2.1/thumb/v7e-m+fp/hard/crtbegin.o
LOAD c:/dev/tools/arm-gnu-toolchain/bin/../lib/gcc/arm-none-eabi/12.2.1/thumb/v7e-m+fp/hard/crt0.o
LOAD build/main.o
LOAD build/my_AppTask.o
LOAD build/gpio.o
LOAD build/stm32f4xx_it.o
LOAD build/stm32f4xx_hal_msp.o
LOAD build/stm32f4xx_hal_timebase_tim.o
LOAD build/system_stm32f4xx.o
LOAD build/stm32f4xx_hal_tim.o
LOAD build/stm32f4xx_hal_tim_ex.o
LOAD build/stm32f4xx_hal_rcc.o
LOAD build/stm32f4xx_hal_rcc_ex.o
LOAD build/stm32f4xx_hal_flash.o
LOAD build/stm32f4xx_hal_flash_ex.o
LOAD build/stm32f4xx_hal_flash_ramfunc.o
LOAD build/stm32f4xx_hal_gpio.o
LOAD build/stm32f4xx_hal_dma_ex.o
LOAD build/stm32f4xx_hal_dma.o
LOAD build/stm32f4xx_hal_pwr.o
LOAD build/stm32f4xx_hal_pwr_ex.o
LOAD build/stm32f4xx_hal_cortex.o
LOAD build/stm32f4xx_hal.o
LOAD build/stm32f4xx_hal_exti.o
LOAD build/queue.o
LOAD build/tasks.o
LOAD build/port.o
LOAD build/heap_4.o
LOAD build/startup_stm32f407xx.o
LOAD c:/dev/tools/arm-gnu-toolchain/bin/../lib/gcc/arm-none-eabi/12.2.1/thumb/v7e-m+fp/hard\libc_nano.a
LOAD c:/dev/tools/arm-gnu-toolchain/bin/../lib/gcc/arm-none-eabi/12.2.1/thumb/v7e-m+fp/hard\libm.a
LOAD c:/dev/tools/arm-gnu-toolchain/bin/../lib/gcc/arm-none-eabi/12.2.1/thumb/v7e-m+fp/hard\libnosys.a
START GROUP
LOAD c:/dev/tools/arm-gnu-toolchain/bin/../lib/gcc/arm-none-eabi/12.2.1/thumb/v7e-m+fp/hard\libgcc.a
LOAD c:/dev/tools/arm-gnu-toolchain/bin/../lib/gcc/arm-none-eabi/12.2.1/thumb/v7e-m+fp/hard\libc_nano.a
END GROUP
START GROUP
LOAD c:/dev/tools/arm-gnu-toolchain/bin/../lib/gcc/arm-none-eabi/12.2.1/thumb/v7e-m+fp/hard\libgcc.a
LOAD c:/dev/tools/arm-gnu-toolchain/bin/../lib/gcc/arm-none-eabi/12.2.1/thumb/v7e-m+fp/hard\libc_nano.a
END GROUP
LOAD c:/dev/tools/arm-gnu-toolchain/bin/../lib/gcc/arm-none-eabi/12.2.1/thumb/v7e-m+fp/hard/crtend.o
LOAD c:/dev/tools/arm-gnu-toolchain/bin/../lib/gcc/arm-none-eabi/12.2.1/thumb/v7e-m+fp/hard/crtn.o
                0x20020000                _estack = (ORIGIN (RAM) + LENGTH (RAM))
                0x00002000                _Min_Heap_Size = 0x2000
                0x00002000                _Min_Stack_Size = 0x2000

.isr_vector     0x08000000      0x188
                0x08000000                . = ALIGN (0x4)
 *(.isr_vector)
 .isr_vector    0x08000000      0x188 build/startup_stm32f407xx.o
                0x08000000                g_pfnVectors
                0x08000188                . = ALIGN (0x4)

.text           0x08000190     0x2388
                0x08000190                . = ALIGN (0x4)
 *(.text)
 .text          0x08000190       0x30 c:/dev/tools/arm-gnu-toolchain/bin/../lib/gcc/arm-none-eabi/12.2.1/thumb/v7e-m+fp/hard\libgcc.a(_aeabi_uldivmod.o)
                0x08000190                __aeabi_uldivmod
 .text          0x080001c0        0x4 c:/dev/tools/arm-gnu-toolchain/bin/../lib/gcc/arm-none-eabi/12.2.1/thumb/v7e-m+fp/hard\libgcc.a(_dvmd_tls.o)
                0x080001c0                __aeabi_idiv0
                0x080001c0                __aeabi_ldiv0
 *(.text*)
 .text.deregister_tm_clones
                0x080001c4       0x1c c:/dev/tools/arm-gnu-toolchain/bin/../lib/gcc/arm-none-eabi/12.2.1/thumb/v7e-m+fp/hard/crtbegin.o
 .text.register_tm_clones
                0x080001e0       0x24 c:/dev/tools/arm-gnu-toolchain/bin/../lib/gcc/arm-none-eabi/12.2.1/thumb/v7e-m+fp/hard/crtbegin.o
 .text.__do_global_dtors_aux
                0x08000204       0x28 c:/dev/tools/arm-gnu-toolchain/bin/../lib/gcc/arm-none-eabi/12.2.1/thumb/v7e-m+fp/hard/crtbegin.o
 .text.frame_dummy
                0x0800022c       0x24 c:/dev/tools/arm-gnu-toolchain/bin/../lib/gcc/arm-none-eabi/12.2.1/thumb/v7e-m+fp/hard/crtbegin.o
 .text.__NVIC_SystemReset
                0x08000250       0x24 build/main.o
 .text.HAL_TIM_PeriodElapsedCallback
                0x08000274       0x18 build/main.o
                0x08000274                HAL_TIM_PeriodElapsedCallback
 .text.Error_Handler
                0x0800028c        0x8 build/main.o
                0x0800028c                Error_Handler
 .text.SystemClock_Config
                0x08000294       0xa8 build/main.o
                0x08000294                SystemClock_Config
 .text.main     0x0800033c       0x4c build/main.o
                0x0800033c                main
 .text.vApplicationIdleHook
                0x08000388        0x4 build/my_AppTask.o
                0x08000388                vApplicationIdleHook
 .text.task_100ms
                0x0800038c       0x38 build/my_AppTask.o
                0x0800038c                task_100ms
 .text.task_200ms
                0x080003c4       0x40 build/my_AppTask.o
                0x080003c4                task_200ms
 .text.MX_GPIO_Init
                0x08000404      0x210 build/gpio.o
                0x08000404                MX_GPIO_Init
 .text.NMI_Handler
                0x08000614        0x2 build/stm32f4xx_it.o
                0x08000614                NMI_Handler
 .text.HardFault_Handler
                0x08000616        0x2 build/stm32f4xx_it.o
                0x08000616                HardFault_Handler
 .text.MemManage_Handler
                0x08000618        0x2 build/stm32f4xx_it.o
                0x08000618                MemManage_Handler
 .text.BusFault_Handler
                0x0800061a        0x2 build/stm32f4xx_it.o
                0x0800061a                BusFault_Handler
 .text.UsageFault_Handler
                0x0800061c        0x2 build/stm32f4xx_it.o
                0x0800061c                UsageFault_Handler
 .text.DebugMon_Handler
                0x0800061e        0x2 build/stm32f4xx_it.o
                0x0800061e                DebugMon_Handler
 .text.TIM6_DAC_IRQHandler
                0x08000620       0x10 build/stm32f4xx_it.o
                0x08000620                TIM6_DAC_IRQHandler
 .text.HAL_MspInit
                0x08000630       0x38 build/stm32f4xx_hal_msp.o
                0x08000630                HAL_MspInit
 .text.HAL_InitTick
                0x08000668       0xa4 build/stm32f4xx_hal_timebase_tim.o
                0x08000668                HAL_InitTick
 .text.SystemInit
                0x0800070c       0x14 build/system_stm32f4xx.o
                0x0800070c                SystemInit
 .text.HAL_TIM_Base_MspInit
                0x08000720        0x2 build/stm32f4xx_hal_tim.o
                0x08000720                HAL_TIM_Base_MspInit
 *fill*         0x08000722        0x2 
 .text.HAL_TIM_Base_Start_IT
                0x08000724       0x88 build/stm32f4xx_hal_tim.o
                0x08000724                HAL_TIM_Base_Start_IT
 .text.HAL_TIM_OC_DelayElapsedCallback
                0x080007ac        0x2 build/stm32f4xx_hal_tim.o
                0x080007ac                HAL_TIM_OC_DelayElapsedCallback
 .text.HAL_TIM_IC_CaptureCallback
                0x080007ae        0x2 build/stm32f4xx_hal_tim.o
                0x080007ae                HAL_TIM_IC_CaptureCallback
 .text.HAL_TIM_PWM_PulseFinishedCallback
                0x080007b0        0x2 build/stm32f4xx_hal_tim.o
                0x080007b0                HAL_TIM_PWM_PulseFinishedCallback
 .text.HAL_TIM_TriggerCallback
                0x080007b2        0x2 build/stm32f4xx_hal_tim.o
                0x080007b2                HAL_TIM_TriggerCallback
 .text.HAL_TIM_IRQHandler
                0x080007b4      0x17a build/stm32f4xx_hal_tim.o
                0x080007b4                HAL_TIM_IRQHandler
 *fill*         0x0800092e        0x2 
 .text.TIM_Base_SetConfig
                0x08000930       0xc8 build/stm32f4xx_hal_tim.o
                0x08000930                TIM_Base_SetConfig
 .text.HAL_TIM_Base_Init
                0x080009f8       0x58 build/stm32f4xx_hal_tim.o
                0x080009f8                HAL_TIM_Base_Init
 .text.HAL_TIMEx_CommutCallback
                0x08000a50        0x2 build/stm32f4xx_hal_tim_ex.o
                0x08000a50                HAL_TIMEx_CommutCallback
 .text.HAL_TIMEx_BreakCallback
                0x08000a52        0x2 build/stm32f4xx_hal_tim_ex.o
                0x08000a52                HAL_TIMEx_BreakCallback
 .text.HAL_RCC_OscConfig
                0x08000a54      0x3f8 build/stm32f4xx_hal_rcc.o
                0x08000a54                HAL_RCC_OscConfig
 .text.HAL_RCC_GetSysClockFreq
                0x08000e4c       0xdc build/stm32f4xx_hal_rcc.o
                0x08000e4c                HAL_RCC_GetSysClockFreq
 .text.HAL_RCC_ClockConfig
                0x08000f28      0x160 build/stm32f4xx_hal_rcc.o
                0x08000f28                HAL_RCC_ClockConfig
 .text.HAL_RCC_GetHCLKFreq
                0x08001088        0xc build/stm32f4xx_hal_rcc.o
                0x08001088                HAL_RCC_GetHCLKFreq
 .text.HAL_RCC_GetPCLK1Freq
                0x08001094       0x20 build/stm32f4xx_hal_rcc.o
                0x08001094                HAL_RCC_GetPCLK1Freq
 .text.HAL_RCC_GetClockConfig
                0x080010b4       0x3c build/stm32f4xx_hal_rcc.o
                0x080010b4                HAL_RCC_GetClockConfig
 .text.HAL_GPIO_Init
                0x080010f0      0x1ec build/stm32f4xx_hal_gpio.o
                0x080010f0                HAL_GPIO_Init
 .text.HAL_GPIO_ReadPin
                0x080012dc        0xe build/stm32f4xx_hal_gpio.o
                0x080012dc                HAL_GPIO_ReadPin
 .text.HAL_GPIO_WritePin
                0x080012ea        0xc build/stm32f4xx_hal_gpio.o
                0x080012ea                HAL_GPIO_WritePin
 *fill*         0x080012f6        0x2 
 .text.__NVIC_SetPriority
                0x080012f8       0x28 build/stm32f4xx_hal_cortex.o
 .text.NVIC_EncodePriority
                0x08001320       0x3e build/stm32f4xx_hal_cortex.o
 *fill*         0x0800135e        0x2 
 .text.HAL_NVIC_SetPriorityGrouping
                0x08001360       0x24 build/stm32f4xx_hal_cortex.o
                0x08001360                HAL_NVIC_SetPriorityGrouping
 .text.HAL_NVIC_SetPriority
                0x08001384       0x20 build/stm32f4xx_hal_cortex.o
                0x08001384                HAL_NVIC_SetPriority
 .text.HAL_NVIC_EnableIRQ
                0x080013a4       0x1c build/stm32f4xx_hal_cortex.o
                0x080013a4                HAL_NVIC_EnableIRQ
 .text.HAL_Init
                0x080013c0       0x34 build/stm32f4xx_hal.o
                0x080013c0                HAL_Init
 .text.HAL_IncTick
                0x080013f4       0x18 build/stm32f4xx_hal.o
                0x080013f4                HAL_IncTick
 .text.HAL_GetTick
                0x0800140c        0xc build/stm32f4xx_hal.o
                0x0800140c                HAL_GetTick
 .text.prvResetNextTaskUnblockTime
                0x08001418       0x28 build/tasks.o
 .text.prvDeleteTCB
                0x08001440       0x12 build/tasks.o
 .text.prvInitialiseNewTask
                0x08001452       0x8e build/tasks.o
 .text.prvInitialiseTaskLists
                0x080014e0       0x68 build/tasks.o
 .text.prvAddNewTaskToReadyList
                0x08001548       0xc8 build/tasks.o
 .text.prvCheckTasksWaitingTermination
                0x08001610       0x4c build/tasks.o
 .text.prvAddCurrentTaskToDelayedList
                0x0800165c       0xb0 build/tasks.o
 .text.prvIdleTask
                0x0800170c       0x30 build/tasks.o
 .text.xTaskCreate
                0x0800173c       0x68 build/tasks.o
                0x0800173c                xTaskCreate
 .text.vTaskStartScheduler
                0x080017a4       0x8c build/tasks.o
                0x080017a4                vTaskStartScheduler
 .text.vTaskSuspendAll
                0x08001830       0x10 build/tasks.o
                0x08001830                vTaskSuspendAll
 .text.xTaskGetTickCount
                0x08001840        0xc build/tasks.o
                0x08001840                xTaskGetTickCount
 .text.xTaskIncrementTick
                0x0800184c      0x178 build/tasks.o
                0x0800184c                xTaskIncrementTick
 .text.xTaskResumeAll
                0x080019c4      0x14c build/tasks.o
                0x080019c4                xTaskResumeAll
 .text.xTaskDelayUntil
                0x08001b10       0xb0 build/tasks.o
                0x08001b10                xTaskDelayUntil
 .text.vTaskSwitchContext
                0x08001bc0       0x98 build/tasks.o
                0x08001bc0                vTaskSwitchContext
 .text.prvTaskExitError
                0x08001c58       0x40 build/port.o
 .text.prvPortStartFirstTask
                0x08001c98       0x28 build/port.o
 .text.vPortEnableVFP
                0x08001cc0       0x14 build/port.o
 .text.pxPortInitialiseStack
                0x08001cd4       0x2c build/port.o
                0x08001cd4                pxPortInitialiseStack
 .text.SVC_Handler
                0x08001d00       0x24 build/port.o
                0x08001d00                SVC_Handler
 .text.vPortEnterCritical
                0x08001d24       0x44 build/port.o
                0x08001d24                vPortEnterCritical
 .text.vPortExitCritical
                0x08001d68       0x2c build/port.o
                0x08001d68                vPortExitCritical
 *fill*         0x08001d94        0xc 
 .text.PendSV_Handler
                0x08001da0       0x64 build/port.o
                0x08001da0                PendSV_Handler
 .text.SysTick_Handler
                0x08001e04       0x2c build/port.o
                0x08001e04                SysTick_Handler
 .text.vPortSetupTimerInterrupt
                0x08001e30       0x28 build/port.o
                0x08001e30                vPortSetupTimerInterrupt
 .text.xPortStartScheduler
                0x08001e58      0x118 build/port.o
                0x08001e58                xPortStartScheduler
 .text.prvHeapInit
                0x08001f70       0x58 build/heap_4.o
 .text.prvInsertBlockIntoFreeList
                0x08001fc8       0x64 build/heap_4.o
 .text.pvPortMalloc
                0x0800202c       0xf4 build/heap_4.o
                0x0800202c                pvPortMalloc
 .text.vPortFree
                0x08002120       0x78 build/heap_4.o
                0x08002120                vPortFree
 .text.Reset_Handler
                0x08002198       0x50 build/startup_stm32f407xx.o
                0x08002198                Reset_Handler
 .text.Default_Handler
                0x080021e8        0x2 build/startup_stm32f407xx.o
                0x080021e8                RTC_Alarm_IRQHandler
                0x080021e8                HASH_RNG_IRQHandler
                0x080021e8                EXTI2_IRQHandler
                0x080021e8                TIM8_CC_IRQHandler
                0x080021e8                TIM1_CC_IRQHandler
                0x080021e8                DMA2_Stream5_IRQHandler
                0x080021e8                DMA1_Stream5_IRQHandler
                0x080021e8                PVD_IRQHandler
                0x080021e8                SDIO_IRQHandler
                0x080021e8                TAMP_STAMP_IRQHandler
                0x080021e8                CAN2_RX1_IRQHandler
                0x080021e8                EXTI3_IRQHandler
                0x080021e8                TIM8_TRG_COM_TIM14_IRQHandler
                0x080021e8                TIM1_UP_TIM10_IRQHandler
                0x080021e8                TIM8_UP_TIM13_IRQHandler
                0x080021e8                I2C3_ER_IRQHandler
                0x080021e8                EXTI0_IRQHandler
                0x080021e8                I2C2_EV_IRQHandler
                0x080021e8                DMA1_Stream2_IRQHandler
                0x080021e8                CAN1_RX0_IRQHandler
                0x080021e8                FPU_IRQHandler
                0x080021e8                OTG_HS_WKUP_IRQHandler
                0x080021e8                CAN2_SCE_IRQHandler
                0x080021e8                DMA2_Stream2_IRQHandler
                0x080021e8                SPI1_IRQHandler
                0x080021e8                TIM1_BRK_TIM9_IRQHandler
                0x080021e8                DCMI_IRQHandler
                0x080021e8                CAN2_RX0_IRQHandler
                0x080021e8                DMA2_Stream3_IRQHandler
                0x080021e8                USART6_IRQHandler
                0x080021e8                USART3_IRQHandler
                0x080021e8                CAN1_RX1_IRQHandler
                0x080021e8                UART5_IRQHandler
                0x080021e8                DMA2_Stream0_IRQHandler
                0x080021e8                TIM4_IRQHandler
                0x080021e8                I2C1_EV_IRQHandler
                0x080021e8                DMA1_Stream6_IRQHandler
                0x080021e8                DMA1_Stream1_IRQHandler
                0x080021e8                UART4_IRQHandler
                0x080021e8                TIM3_IRQHandler
                0x080021e8                RCC_IRQHandler
                0x080021e8                TIM8_BRK_TIM12_IRQHandler
                0x080021e8                Default_Handler
                0x080021e8                EXTI15_10_IRQHandler
                0x080021e8                ADC_IRQHandler
                0x080021e8                DMA1_Stream7_IRQHandler
                0x080021e8                TIM7_IRQHandler
                0x080021e8                CAN2_TX_IRQHandler
                0x080021e8                TIM5_IRQHandler
                0x080021e8                DMA2_Stream7_IRQHandler
                0x080021e8                I2C3_EV_IRQHandler
                0x080021e8                EXTI9_5_IRQHandler
                0x080021e8                RTC_WKUP_IRQHandler
                0x080021e8                ETH_WKUP_IRQHandler
                0x080021e8                SPI2_IRQHandler
                0x080021e8                OTG_HS_EP1_IN_IRQHandler
                0x080021e8                DMA1_Stream0_IRQHandler
                0x080021e8                CAN1_TX_IRQHandler
                0x080021e8                EXTI4_IRQHandler
                0x080021e8                FSMC_IRQHandler
                0x080021e8                ETH_IRQHandler
                0x080021e8                OTG_HS_EP1_OUT_IRQHandler
                0x080021e8                WWDG_IRQHandler
                0x080021e8                TIM2_IRQHandler
                0x080021e8                OTG_FS_WKUP_IRQHandler
                0x080021e8                TIM1_TRG_COM_TIM11_IRQHandler
                0x080021e8                OTG_HS_IRQHandler
                0x080021e8                EXTI1_IRQHandler
                0x080021e8                USART2_IRQHandler
                0x080021e8                I2C2_ER_IRQHandler
                0x080021e8                DMA2_Stream1_IRQHandler
                0x080021e8                CAN1_SCE_IRQHandler
                0x080021e8                FLASH_IRQHandler
                0x080021e8                DMA2_Stream4_IRQHandler
                0x080021e8                USART1_IRQHandler
                0x080021e8                OTG_FS_IRQHandler
                0x080021e8                SPI3_IRQHandler
                0x080021e8                DMA1_Stream4_IRQHandler
                0x080021e8                I2C1_ER_IRQHandler
                0x080021e8                DMA2_Stream6_IRQHandler
                0x080021e8                DMA1_Stream3_IRQHandler
 .text.memset   0x080021ea       0x10 c:/dev/tools/arm-gnu-toolchain/bin/../lib/gcc/arm-none-eabi/12.2.1/thumb/v7e-m+fp/hard\libc_nano.a(libc_a-memset.o)
                0x080021ea                memset
 *fill*         0x080021fa        0x2 
 .text.__libc_init_array
                0x080021fc       0x48 c:/dev/tools/arm-gnu-toolchain/bin/../lib/gcc/arm-none-eabi/12.2.1/thumb/v7e-m+fp/hard\libc_nano.a(libc_a-init.o)
                0x080021fc                __libc_init_array
 .text.__udivmoddi4
                0x08002244      0x2bc c:/dev/tools/arm-gnu-toolchain/bin/../lib/gcc/arm-none-eabi/12.2.1/thumb/v7e-m+fp/hard\libgcc.a(_udivmoddi4.o)
                0x08002244                __udivmoddi4
 *(.glue_7)
 .glue_7        0x08002500        0x0 linker stubs
 *(.glue_7t)
 .glue_7t       0x08002500        0x0 linker stubs
 *(.eh_frame)
 .eh_frame      0x08002500        0x0 c:/dev/tools/arm-gnu-toolchain/bin/../lib/gcc/arm-none-eabi/12.2.1/thumb/v7e-m+fp/hard/crtbegin.o
 *(.init)
 .init          0x08002500        0x4 c:/dev/tools/arm-gnu-toolchain/bin/../lib/gcc/arm-none-eabi/12.2.1/thumb/v7e-m+fp/hard/crti.o
                0x08002500                _init
 .init          0x08002504        0x8 c:/dev/tools/arm-gnu-toolchain/bin/../lib/gcc/arm-none-eabi/12.2.1/thumb/v7e-m+fp/hard/crtn.o
 *(.fini)
 .fini          0x0800250c        0x4 c:/dev/tools/arm-gnu-toolchain/bin/../lib/gcc/arm-none-eabi/12.2.1/thumb/v7e-m+fp/hard/crti.o
                0x0800250c                _fini
 .fini          0x08002510        0x8 c:/dev/tools/arm-gnu-toolchain/bin/../lib/gcc/arm-none-eabi/12.2.1/thumb/v7e-m+fp/hard/crtn.o
                0x08002518                . = ALIGN (0x4)
                0x08002518                _etext = .

.vfp11_veneer   0x08002518        0x0
 .vfp11_veneer  0x08002518        0x0 linker stubs

.v4_bx          0x08002518        0x0
 .v4_bx         0x08002518        0x0 linker stubs

.iplt           0x08002518        0x0
 .iplt          0x08002518        0x0 c:/dev/tools/arm-gnu-toolchain/bin/../lib/gcc/arm-none-eabi/12.2.1/thumb/v7e-m+fp/hard/crtbegin.o

.rodata         0x08002518       0x38
                0x08002518                . = ALIGN (0x4)
 *(.rodata)
 *(.rodata*)
 .rodata.main.str1.4
                0x08002518       0x17 build/main.o
 *fill*         0x0800252f        0x1 
 .rodata.APBPrescTable
                0x08002530        0x8 build/system_stm32f4xx.o
                0x08002530                APBPrescTable
 .rodata.AHBPrescTable
                0x08002538       0x10 build/system_stm32f4xx.o
                0x08002538                AHBPrescTable
 .rodata.vTaskStartScheduler.str1.4
                0x08002548        0x5 build/tasks.o
                0x08002550                . = ALIGN (0x4)
 *fill*         0x0800254d        0x3 

.ARM.extab      0x08002550        0x0
                0x08002550                . = ALIGN (0x4)
 *(.ARM.extab* .gnu.linkonce.armextab.*)
                0x08002550                . = ALIGN (0x4)

.ARM            0x08002550        0x8
                0x08002550                . = ALIGN (0x4)
                0x08002550                __exidx_start = .
 *(.ARM.exidx*)
 .ARM.exidx.text.__udivmoddi4
                0x08002550        0x8 c:/dev/tools/arm-gnu-toolchain/bin/../lib/gcc/arm-none-eabi/12.2.1/thumb/v7e-m+fp/hard\libgcc.a(_udivmoddi4.o)
                0x08002558                __exidx_end = .
                0x08002558                . = ALIGN (0x4)

.rel.dyn        0x08002558        0x0
 .rel.iplt      0x08002558        0x0 c:/dev/tools/arm-gnu-toolchain/bin/../lib/gcc/arm-none-eabi/12.2.1/thumb/v7e-m+fp/hard/crtbegin.o

.preinit_array  0x08002558        0x0
                0x08002558                . = ALIGN (0x4)
                0x08002558                PROVIDE (__preinit_array_start = .)
 *(.preinit_array*)
                0x08002558                PROVIDE (__preinit_array_end = .)
                0x08002558                . = ALIGN (0x4)

.init_array     0x08002558        0x4
                0x08002558                . = ALIGN (0x4)
                0x08002558                PROVIDE (__init_array_start = .)
 *(SORT_BY_NAME(.init_array.*))
 *(.init_array*)
 .init_array    0x08002558        0x4 c:/dev/tools/arm-gnu-toolchain/bin/../lib/gcc/arm-none-eabi/12.2.1/thumb/v7e-m+fp/hard/crtbegin.o
                0x0800255c                PROVIDE (__init_array_end = .)
                0x0800255c                . = ALIGN (0x4)

.fini_array     0x0800255c        0x4
                0x0800255c                . = ALIGN (0x4)
                [!provide]                PROVIDE (__fini_array_start = .)
 *(SORT_BY_NAME(.fini_array.*))
 *(.fini_array*)
 .fini_array    0x0800255c        0x4 c:/dev/tools/arm-gnu-toolchain/bin/../lib/gcc/arm-none-eabi/12.2.1/thumb/v7e-m+fp/hard/crtbegin.o
                [!provide]                PROVIDE (__fini_array_end = .)
                0x08002560                . = ALIGN (0x4)
                0x08002560                _sidata = LOADADDR (.data)

.data           0x20000000       0x14 load address 0x08002560
                0x20000000                . = ALIGN (0x4)
                0x20000000                _sdata = .
 *(.data)
 *(.data*)
 .data.SystemCoreClock
                0x20000000        0x4 build/system_stm32f4xx.o
                0x20000000                SystemCoreClock
 .data.uwTickFreq
                0x20000004        0x1 build/stm32f4xx_hal.o
                0x20000004                uwTickFreq
 *fill*         0x20000005        0x3 
 .data.uwTickPrio
                0x20000008        0x4 build/stm32f4xx_hal.o
                0x20000008                uwTickPrio
 .data.uxTopUsedPriority
                0x2000000c        0x4 build/tasks.o
                0x2000000c                uxTopUsedPriority
 .data.uxCriticalNesting
                0x20000010        0x4 build/port.o
 *(.RamFunc)
 *(.RamFunc*)
                0x20000014                . = ALIGN (0x4)
                0x20000014                _edata = .
                0x08002574                _siccmram = LOADADDR (.ccmram)

.tm_clone_table
                0x20000014        0x0 load address 0x08002574
 .tm_clone_table
                0x20000014        0x0 c:/dev/tools/arm-gnu-toolchain/bin/../lib/gcc/arm-none-eabi/12.2.1/thumb/v7e-m+fp/hard/crtbegin.o
 .tm_clone_table
                0x20000014        0x0 c:/dev/tools/arm-gnu-toolchain/bin/../lib/gcc/arm-none-eabi/12.2.1/thumb/v7e-m+fp/hard/crtend.o

.igot.plt       0x20000014        0x0 load address 0x08002574
 .igot.plt      0x20000014        0x0 c:/dev/tools/arm-gnu-toolchain/bin/../lib/gcc/arm-none-eabi/12.2.1/thumb/v7e-m+fp/hard/crtbegin.o

.ccmram         0x10000000        0x0 load address 0x08002574
                0x10000000                . = ALIGN (0x4)
                0x10000000                _sccmram = .
 *(.ccmram)
 *(.ccmram*)
                0x10000000                . = ALIGN (0x4)
                0x10000000                _eccmram = .
                0x10000000                . = ALIGN (0x4)

.bss            0x20000014    0x12d94
                0x20000014                _sbss = .
                0x20000014                __bss_start__ = _sbss
 *(.bss)
 *(.bss*)
 .bss.completed.1
                0x20000014        0x1 c:/dev/tools/arm-gnu-toolchain/bin/../lib/gcc/arm-none-eabi/12.2.1/thumb/v7e-m+fp/hard/crtbegin.o
 *fill*         0x20000015        0x3 
 .bss.object.0  0x20000018       0x18 c:/dev/tools/arm-gnu-toolchain/bin/../lib/gcc/arm-none-eabi/12.2.1/thumb/v7e-m+fp/hard/crtbegin.o
 .bss.button_status_flag
                0x20000030        0x1 build/my_AppTask.o
                0x20000030                button_status_flag
 *fill*         0x20000031        0x3 
 .bss.htim6     0x20000034       0x48 build/stm32f4xx_hal_timebase_tim.o
                0x20000034                htim6
 .bss.uwTick    0x2000007c        0x4 build/stm32f4xx_hal.o
                0x2000007c                uwTick
 .bss.uxSchedulerSuspended
                0x20000080        0x4 build/tasks.o
 .bss.xIdleTaskHandle
                0x20000084        0x4 build/tasks.o
 .bss.xNextTaskUnblockTime
                0x20000088        0x4 build/tasks.o
 .bss.uxTaskNumber
                0x2000008c        0x4 build/tasks.o
 .bss.xNumOfOverflows
                0x20000090        0x4 build/tasks.o
 .bss.xYieldPending
                0x20000094        0x4 build/tasks.o
 .bss.xPendedTicks
                0x20000098        0x4 build/tasks.o
 .bss.xSchedulerRunning
                0x2000009c        0x4 build/tasks.o
 .bss.uxTopReadyPriority
                0x200000a0        0x4 build/tasks.o
 .bss.xTickCount
                0x200000a4        0x4 build/tasks.o
 .bss.uxCurrentNumberOfTasks
                0x200000a8        0x4 build/tasks.o
 .bss.xSuspendedTaskList
                0x200000ac       0x14 build/tasks.o
 .bss.uxDeletedTasksWaitingCleanUp
                0x200000c0        0x4 build/tasks.o
 .bss.xTasksWaitingTermination
                0x200000c4       0x14 build/tasks.o
 .bss.xPendingReadyList
                0x200000d8       0x14 build/tasks.o
 .bss.pxOverflowDelayedTaskList
                0x200000ec        0x4 build/tasks.o
 .bss.pxDelayedTaskList
                0x200000f0        0x4 build/tasks.o
 .bss.xDelayedTaskList2
                0x200000f4       0x14 build/tasks.o
 .bss.xDelayedTaskList1
                0x20000108       0x14 build/tasks.o
 .bss.pxReadyTasksLists
                0x2000011c       0x64 build/tasks.o
 .bss.pxCurrentTCB
                0x20000180        0x4 build/tasks.o
                0x20000180                pxCurrentTCB
 .bss.ulMaxPRIGROUPValue
                0x20000184        0x4 build/port.o
 .bss.ucMaxSysCallPriority
                0x20000188        0x1 build/port.o
 *fill*         0x20000189        0x3 
 .bss.xNumberOfSuccessfulFrees
                0x2000018c        0x4 build/heap_4.o
 .bss.xNumberOfSuccessfulAllocations
                0x20000190        0x4 build/heap_4.o
 .bss.xMinimumEverFreeBytesRemaining
                0x20000194        0x4 build/heap_4.o
 .bss.xFreeBytesRemaining
                0x20000198        0x4 build/heap_4.o
 .bss.pxEnd     0x2000019c        0x4 build/heap_4.o
 .bss.xStart    0x200001a0        0x8 build/heap_4.o
 .bss.ucHeap    0x200001a8    0x12c00 build/heap_4.o
 *(COMMON)
                0x20012da8                . = ALIGN (0x4)
                0x20012da8                _ebss = .
                0x20012da8                __bss_end__ = _ebss

._user_heap_stack
                0x20012da8     0x4000
                0x20012da8                . = ALIGN (0x8)
                0x20012da8                PROVIDE (end = .)
                [!provide]                PROVIDE (_end = .)
                0x20014da8                . = (. + _Min_Heap_Size)
 *fill*         0x20012da8     0x2000 
                0x20016da8                . = (. + _Min_Stack_Size)
 *fill*         0x20014da8     0x2000 
                0x20016da8                . = ALIGN (0x8)

/DISCARD/
 libc.a(*)
 libm.a(*)
 libgcc.a(*)

.ARM.attributes
                0x00000000       0x30
 *(.ARM.attributes)
 .ARM.attributes
                0x00000000       0x22 c:/dev/tools/arm-gnu-toolchain/bin/../lib/gcc/arm-none-eabi/12.2.1/thumb/v7e-m+fp/hard/crti.o
 .ARM.attributes
                0x00000022       0x34 c:/dev/tools/arm-gnu-toolchain/bin/../lib/gcc/arm-none-eabi/12.2.1/thumb/v7e-m+fp/hard/crtbegin.o
 .ARM.attributes
                0x00000056       0x34 build/main.o
 .ARM.attributes
                0x0000008a       0x34 build/my_AppTask.o
 .ARM.attributes
                0x000000be       0x34 build/gpio.o
 .ARM.attributes
                0x000000f2       0x34 build/stm32f4xx_it.o
 .ARM.attributes
                0x00000126       0x34 build/stm32f4xx_hal_msp.o
 .ARM.attributes
                0x0000015a       0x34 build/stm32f4xx_hal_timebase_tim.o
 .ARM.attributes
                0x0000018e       0x34 build/system_stm32f4xx.o
 .ARM.attributes
                0x000001c2       0x34 build/stm32f4xx_hal_tim.o
 .ARM.attributes
                0x000001f6       0x34 build/stm32f4xx_hal_tim_ex.o
 .ARM.attributes
                0x0000022a       0x34 build/stm32f4xx_hal_rcc.o
 .ARM.attributes
                0x0000025e       0x34 build/stm32f4xx_hal_gpio.o
 .ARM.attributes
                0x00000292       0x34 build/stm32f4xx_hal_cortex.o
 .ARM.attributes
                0x000002c6       0x34 build/stm32f4xx_hal.o
 .ARM.attributes
                0x000002fa       0x34 build/tasks.o
 .ARM.attributes
                0x0000032e       0x34 build/port.o
 .ARM.attributes
                0x00000362       0x34 build/heap_4.o
 .ARM.attributes
                0x00000396       0x21 build/startup_stm32f407xx.o
 .ARM.attributes
                0x000003b7       0x34 c:/dev/tools/arm-gnu-toolchain/bin/../lib/gcc/arm-none-eabi/12.2.1/thumb/v7e-m+fp/hard\libc_nano.a(libc_a-memset.o)
 .ARM.attributes
                0x000003eb       0x34 c:/dev/tools/arm-gnu-toolchain/bin/../lib/gcc/arm-none-eabi/12.2.1/thumb/v7e-m+fp/hard\libc_nano.a(libc_a-init.o)
 .ARM.attributes
                0x0000041f       0x22 c:/dev/tools/arm-gnu-toolchain/bin/../lib/gcc/arm-none-eabi/12.2.1/thumb/v7e-m+fp/hard\libgcc.a(_aeabi_uldivmod.o)
 .ARM.attributes
                0x00000441       0x34 c:/dev/tools/arm-gnu-toolchain/bin/../lib/gcc/arm-none-eabi/12.2.1/thumb/v7e-m+fp/hard\libgcc.a(_udivmoddi4.o)
 .ARM.attributes
                0x00000475       0x22 c:/dev/tools/arm-gnu-toolchain/bin/../lib/gcc/arm-none-eabi/12.2.1/thumb/v7e-m+fp/hard\libgcc.a(_dvmd_tls.o)
 .ARM.attributes
                0x00000497       0x34 c:/dev/tools/arm-gnu-toolchain/bin/../lib/gcc/arm-none-eabi/12.2.1/thumb/v7e-m+fp/hard/crtend.o
 .ARM.attributes
                0x000004cb       0x22 c:/dev/tools/arm-gnu-toolchain/bin/../lib/gcc/arm-none-eabi/12.2.1/thumb/v7e-m+fp/hard/crtn.o
OUTPUT(build/FreeRTOS_STM32F407.elf elf32-littlearm)
LOAD linker stubs
LOAD c:/dev/tools/arm-gnu-toolchain/bin/../lib/gcc/arm-none-eabi/12.2.1/thumb/v7e-m+fp/hard\libc.a
LOAD c:/dev/tools/arm-gnu-toolchain/bin/../lib/gcc/arm-none-eabi/12.2.1/thumb/v7e-m+fp/hard\libm.a
LOAD c:/dev/tools/arm-gnu-toolchain/bin/../lib/gcc/arm-none-eabi/12.2.1/thumb/v7e-m+fp/hard\libgcc.a

.debug_info     0x00000000    0x108ac
 .debug_info    0x00000000     0x1061 build/main.o
 .debug_info    0x00001061      0x3b7 build/my_AppTask.o
 .debug_info    0x00001418      0x71a build/gpio.o
 .debug_info    0x00001b32      0x7b1 build/stm32f4xx_it.o
 .debug_info    0x000022e3      0x2eb build/stm32f4xx_hal_msp.o
 .debug_info    0x000025ce      0xde4 build/stm32f4xx_hal_timebase_tim.o
 .debug_info    0x000033b2      0x5b3 build/system_stm32f4xx.o
 .debug_info    0x00003965     0x40c2 build/stm32f4xx_hal_tim.o
 .debug_info    0x00007a27     0x1d52 build/stm32f4xx_hal_tim_ex.o
 .debug_info    0x00009779      0xc0a build/stm32f4xx_hal_rcc.o
 .debug_info    0x0000a383      0x848 build/stm32f4xx_hal_gpio.o
 .debug_info    0x0000abcb     0x115a build/stm32f4xx_hal_cortex.o
 .debug_info    0x0000bd25      0xafa build/stm32f4xx_hal.o
 .debug_info    0x0000c81f     0x33bb build/tasks.o
 .debug_info    0x0000fbda      0x5c2 build/port.o
 .debug_info    0x0001019c      0x6e0 build/heap_4.o
 .debug_info    0x0001087c       0x30 build/startup_stm32f407xx.o

.debug_abbrev   0x00000000     0x259f
 .debug_abbrev  0x00000000      0x2a7 build/main.o
 .debug_abbrev  0x000002a7      0x1c3 build/my_AppTask.o
 .debug_abbrev  0x0000046a      0x160 build/gpio.o
 .debug_abbrev  0x000005ca      0x17d build/stm32f4xx_it.o
 .debug_abbrev  0x00000747       0xd3 build/stm32f4xx_hal_msp.o
 .debug_abbrev  0x0000081a      0x22d build/stm32f4xx_hal_timebase_tim.o
 .debug_abbrev  0x00000a47      0x11b build/system_stm32f4xx.o
 .debug_abbrev  0x00000b62      0x2b6 build/stm32f4xx_hal_tim.o
 .debug_abbrev  0x00000e18      0x2b0 build/stm32f4xx_hal_tim_ex.o
 .debug_abbrev  0x000010c8      0x2de build/stm32f4xx_hal_rcc.o
 .debug_abbrev  0x000013a6      0x22b build/stm32f4xx_hal_gpio.o
 .debug_abbrev  0x000015d1      0x3d3 build/stm32f4xx_hal_cortex.o
 .debug_abbrev  0x000019a4      0x244 build/stm32f4xx_hal.o
 .debug_abbrev  0x00001be8      0x416 build/tasks.o
 .debug_abbrev  0x00001ffe      0x2af build/port.o
 .debug_abbrev  0x000022ad      0x2d5 build/heap_4.o
 .debug_abbrev  0x00002582       0x1d build/startup_stm32f407xx.o

.debug_loc      0x00000000     0xce9c
 .debug_loc     0x00000000       0xf4 build/main.o
 .debug_loc     0x000000f4       0xa2 build/my_AppTask.o
 .debug_loc     0x00000196       0x39 build/gpio.o
 .debug_loc     0x000001cf       0x20 build/stm32f4xx_it.o
 .debug_loc     0x000001ef       0x2c build/stm32f4xx_hal_msp.o
 .debug_loc     0x0000021b      0x136 build/stm32f4xx_hal_timebase_tim.o
 .debug_loc     0x00000351      0x158 build/system_stm32f4xx.o
 .debug_loc     0x000004a9     0x5bfa build/stm32f4xx_hal_tim.o
 .debug_loc     0x000060a3     0x2107 build/stm32f4xx_hal_tim_ex.o
 .debug_loc     0x000081aa      0x6e4 build/stm32f4xx_hal_rcc.o
 .debug_loc     0x0000888e      0x5db build/stm32f4xx_hal_gpio.o
 .debug_loc     0x00008e69      0x7a7 build/stm32f4xx_hal_cortex.o
 .debug_loc     0x00009610      0x1e1 build/stm32f4xx_hal.o
 .debug_loc     0x000097f1     0x2f6d build/tasks.o
 .debug_loc     0x0000c75e      0x1c0 build/port.o
 .debug_loc     0x0000c91e      0x57e build/heap_4.o

.debug_aranges  0x00000000      0xc38
 .debug_aranges
                0x00000000       0x40 build/main.o
 .debug_aranges
                0x00000040       0x30 build/my_AppTask.o
 .debug_aranges
                0x00000070       0x20 build/gpio.o
 .debug_aranges
                0x00000090       0x50 build/stm32f4xx_it.o
 .debug_aranges
                0x000000e0       0x20 build/stm32f4xx_hal_msp.o
 .debug_aranges
                0x00000100       0x30 build/stm32f4xx_hal_timebase_tim.o
 .debug_aranges
                0x00000130       0x28 build/system_stm32f4xx.o
 .debug_aranges
                0x00000158      0x3d0 build/stm32f4xx_hal_tim.o
 .debug_aranges
                0x00000528      0x168 build/stm32f4xx_hal_tim_ex.o
 .debug_aranges
                0x00000690       0x88 build/stm32f4xx_hal_rcc.o
 .debug_aranges
                0x00000718       0x58 build/stm32f4xx_hal_gpio.o
 .debug_aranges
                0x00000770       0xd8 build/stm32f4xx_hal_cortex.o
 .debug_aranges
                0x00000848       0xf0 build/stm32f4xx_hal.o
 .debug_aranges
                0x00000938      0x1f8 build/tasks.o
 .debug_aranges
                0x00000b30       0x80 build/port.o
 .debug_aranges
                0x00000bb0       0x60 build/heap_4.o
 .debug_aranges
                0x00000c10       0x28 build/startup_stm32f407xx.o

.debug_ranges   0x00000000      0xda0
 .debug_ranges  0x00000000       0x30 build/main.o
 .debug_ranges  0x00000030       0x20 build/my_AppTask.o
 .debug_ranges  0x00000050       0x10 build/gpio.o
 .debug_ranges  0x00000060       0x40 build/stm32f4xx_it.o
 .debug_ranges  0x000000a0       0x10 build/stm32f4xx_hal_msp.o
 .debug_ranges  0x000000b0       0x20 build/stm32f4xx_hal_timebase_tim.o
 .debug_ranges  0x000000d0       0x18 build/system_stm32f4xx.o
 .debug_ranges  0x000000e8      0x3c0 build/stm32f4xx_hal_tim.o
 .debug_ranges  0x000004a8      0x158 build/stm32f4xx_hal_tim_ex.o
 .debug_ranges  0x00000600       0x90 build/stm32f4xx_hal_rcc.o
 .debug_ranges  0x00000690       0x48 build/stm32f4xx_hal_gpio.o
 .debug_ranges  0x000006d8       0xc8 build/stm32f4xx_hal_cortex.o
 .debug_ranges  0x000007a0       0xe0 build/stm32f4xx_hal.o
 .debug_ranges  0x00000880      0x428 build/tasks.o
 .debug_ranges  0x00000ca8       0x88 build/port.o
 .debug_ranges  0x00000d30       0x50 build/heap_4.o
 .debug_ranges  0x00000d80       0x20 build/startup_stm32f407xx.o

.debug_line     0x00000000     0xd472
 .debug_line    0x00000000      0x404 build/main.o
 .debug_line    0x00000404      0x237 build/my_AppTask.o
 .debug_line    0x0000063b      0x380 build/gpio.o
 .debug_line    0x000009bb      0x255 build/stm32f4xx_it.o
 .debug_line    0x00000c10      0x132 build/stm32f4xx_hal_msp.o
 .debug_line    0x00000d42      0x2c1 build/stm32f4xx_hal_timebase_tim.o
 .debug_line    0x00001003      0x22b build/system_stm32f4xx.o
 .debug_line    0x0000122e     0x4a1e build/stm32f4xx_hal_tim.o
 .debug_line    0x00005c4c     0x1d04 build/stm32f4xx_hal_tim_ex.o
 .debug_line    0x00007950      0xae0 build/stm32f4xx_hal_rcc.o
 .debug_line    0x00008430      0x69a build/stm32f4xx_hal_gpio.o
 .debug_line    0x00008aca      0x7ee build/stm32f4xx_hal_cortex.o
 .debug_line    0x000092b8      0x543 build/stm32f4xx_hal.o
 .debug_line    0x000097fb     0x2e45 build/tasks.o
 .debug_line    0x0000c640      0x688 build/port.o
 .debug_line    0x0000ccc8      0x734 build/heap_4.o
 .debug_line    0x0000d3fc       0x76 build/startup_stm32f407xx.o

.debug_str      0x00000000     0x44bc
 .debug_str     0x00000000      0xa1c build/main.o
                                0xaec (size before relaxing)
 .debug_str     0x00000a1c      0x116 build/my_AppTask.o
                                0x2fc (size before relaxing)
 .debug_str     0x00000b32       0x54 build/gpio.o
                                0x397 (size before relaxing)
 .debug_str     0x00000b86       0xaa build/stm32f4xx_it.o
                                0x765 (size before relaxing)
 .debug_str     0x00000c30       0x29 build/stm32f4xx_hal_msp.o
                                0x2c6 (size before relaxing)
 .debug_str     0x00000c59      0x61e build/stm32f4xx_hal_timebase_tim.o
                                0xe77 (size before relaxing)
 .debug_str     0x00001277       0x84 build/system_stm32f4xx.o
                                0x380 (size before relaxing)
 .debug_str     0x000012fb      0xf16 build/stm32f4xx_hal_tim.o
                               0x16fa (size before relaxing)
 .debug_str     0x00002211      0x55b build/stm32f4xx_hal_tim_ex.o
                                0xf16 (size before relaxing)
 .debug_str     0x0000276c      0x1a4 build/stm32f4xx_hal_rcc.o
                                0x711 (size before relaxing)
 .debug_str     0x00002910      0x116 build/stm32f4xx_hal_gpio.o
                                0x4eb (size before relaxing)
 .debug_str     0x00002a26      0x46b build/stm32f4xx_hal_cortex.o
                                0xc37 (size before relaxing)
 .debug_str     0x00002e91      0x273 build/stm32f4xx_hal.o
                                0xb6f (size before relaxing)
 .debug_str     0x00003104      0xf3f build/tasks.o
                               0x1220 (size before relaxing)
 .debug_str     0x00004043      0x175 build/port.o
                                0x471 (size before relaxing)
 .debug_str     0x000041b8      0x2d2 build/heap_4.o
                                0x543 (size before relaxing)
 .debug_str     0x0000448a       0x32 build/startup_stm32f407xx.o
                                 0x8d (size before relaxing)

.comment        0x00000000       0x45
 .comment       0x00000000       0x45 build/main.o
                                 0x46 (size before relaxing)
 .comment       0x00000045       0x46 build/my_AppTask.o
 .comment       0x00000045       0x46 build/gpio.o
 .comment       0x00000045       0x46 build/stm32f4xx_it.o
 .comment       0x00000045       0x46 build/stm32f4xx_hal_msp.o
 .comment       0x00000045       0x46 build/stm32f4xx_hal_timebase_tim.o
 .comment       0x00000045       0x46 build/system_stm32f4xx.o
 .comment       0x00000045       0x46 build/stm32f4xx_hal_tim.o
 .comment       0x00000045       0x46 build/stm32f4xx_hal_tim_ex.o
 .comment       0x00000045       0x46 build/stm32f4xx_hal_rcc.o
 .comment       0x00000045       0x46 build/stm32f4xx_hal_gpio.o
 .comment       0x00000045       0x46 build/stm32f4xx_hal_cortex.o
 .comment       0x00000045       0x46 build/stm32f4xx_hal.o
 .comment       0x00000045       0x46 build/tasks.o
 .comment       0x00000045       0x46 build/port.o
 .comment       0x00000045       0x46 build/heap_4.o

.debug_frame    0x00000000     0x2048
 .debug_frame   0x00000000       0x88 build/main.o
 .debug_frame   0x00000088       0x50 build/my_AppTask.o
 .debug_frame   0x000000d8       0x3c build/gpio.o
 .debug_frame   0x00000114       0x88 build/stm32f4xx_it.o
 .debug_frame   0x0000019c       0x28 build/stm32f4xx_hal_msp.o
 .debug_frame   0x000001c4       0x54 build/stm32f4xx_hal_timebase_tim.o
 .debug_frame   0x00000218       0x30 build/system_stm32f4xx.o
 .debug_frame   0x00000248      0xb0c build/stm32f4xx_hal_tim.o
 .debug_frame   0x00000d54      0x40c build/stm32f4xx_hal_tim_ex.o
 .debug_frame   0x00001160      0x16c build/stm32f4xx_hal_rcc.o
 .debug_frame   0x000012cc       0xd8 build/stm32f4xx_hal_gpio.o
 .debug_frame   0x000013a4      0x1cc build/stm32f4xx_hal_cortex.o
 .debug_frame   0x00001570      0x1ec build/stm32f4xx_hal.o
 .debug_frame   0x0000175c      0x644 build/tasks.o
 .debug_frame   0x00001da0      0x110 build/port.o
 .debug_frame   0x00001eb0       0xec build/heap_4.o
 .debug_frame   0x00001f9c       0x20 c:/dev/tools/arm-gnu-toolchain/bin/../lib/gcc/arm-none-eabi/12.2.1/thumb/v7e-m+fp/hard\libc_nano.a(libc_a-memset.o)
 .debug_frame   0x00001fbc       0x2c c:/dev/tools/arm-gnu-toolchain/bin/../lib/gcc/arm-none-eabi/12.2.1/thumb/v7e-m+fp/hard\libc_nano.a(libc_a-init.o)
 .debug_frame   0x00001fe8       0x2c c:/dev/tools/arm-gnu-toolchain/bin/../lib/gcc/arm-none-eabi/12.2.1/thumb/v7e-m+fp/hard\libgcc.a(_aeabi_uldivmod.o)
 .debug_frame   0x00002014       0x34 c:/dev/tools/arm-gnu-toolchain/bin/../lib/gcc/arm-none-eabi/12.2.1/thumb/v7e-m+fp/hard\libgcc.a(_udivmoddi4.o)

.debug_line_str
                0x00000000       0xd5
 .debug_line_str
                0x00000000       0xc9 c:/dev/tools/arm-gnu-toolchain/bin/../lib/gcc/arm-none-eabi/12.2.1/thumb/v7e-m+fp/hard\libgcc.a(_aeabi_uldivmod.o)
 .debug_line_str
                0x000000c9        0xc c:/dev/tools/arm-gnu-toolchain/bin/../lib/gcc/arm-none-eabi/12.2.1/thumb/v7e-m+fp/hard\libgcc.a(_dvmd_tls.o)
                                 0xcd (size before relaxing)

Cross Reference Table

Symbol                                            File
ADC_IRQHandler                                    build/startup_stm32f407xx.o
AHBPrescTable                                     build/system_stm32f4xx.o
                                                  build/stm32f4xx_hal_rcc.o
APBPrescTable                                     build/system_stm32f4xx.o
                                                  build/stm32f4xx_hal_rcc.o
BusFault_Handler                                  build/stm32f4xx_it.o
CAN1_RX0_IRQHandler                               build/startup_stm32f407xx.o
CAN1_RX1_IRQHandler                               build/startup_stm32f407xx.o
CAN1_SCE_IRQHandler                               build/startup_stm32f407xx.o
CAN1_TX_IRQHandler                                build/startup_stm32f407xx.o
CAN2_RX0_IRQHandler                               build/startup_stm32f407xx.o
CAN2_RX1_IRQHandler                               build/startup_stm32f407xx.o
CAN2_SCE_IRQHandler                               build/startup_stm32f407xx.o
CAN2_TX_IRQHandler                                build/startup_stm32f407xx.o
DCMI_IRQHandler                                   build/startup_stm32f407xx.o
DMA1_Stream0_IRQHandler                           build/startup_stm32f407xx.o
DMA1_Stream1_IRQHandler                           build/startup_stm32f407xx.o
DMA1_Stream2_IRQHandler                           build/startup_stm32f407xx.o
DMA1_Stream3_IRQHandler                           build/startup_stm32f407xx.o
DMA1_Stream4_IRQHandler                           build/startup_stm32f407xx.o
DMA1_Stream5_IRQHandler                           build/startup_stm32f407xx.o
DMA1_Stream6_IRQHandler                           build/startup_stm32f407xx.o
DMA1_Stream7_IRQHandler                           build/startup_stm32f407xx.o
DMA2_Stream0_IRQHandler                           build/startup_stm32f407xx.o
DMA2_Stream1_IRQHandler                           build/startup_stm32f407xx.o
DMA2_Stream2_IRQHandler                           build/startup_stm32f407xx.o
DMA2_Stream3_IRQHandler                           build/startup_stm32f407xx.o
DMA2_Stream4_IRQHandler                           build/startup_stm32f407xx.o
DMA2_Stream5_IRQHandler                           build/startup_stm32f407xx.o
DMA2_Stream6_IRQHandler                           build/startup_stm32f407xx.o
DMA2_Stream7_IRQHandler                           build/startup_stm32f407xx.o
DebugMon_Handler                                  build/stm32f4xx_it.o
Default_Handler                                   build/startup_stm32f407xx.o
ETH_IRQHandler                                    build/startup_stm32f407xx.o
ETH_WKUP_IRQHandler                               build/startup_stm32f407xx.o
EXTI0_IRQHandler                                  build/startup_stm32f407xx.o
EXTI15_10_IRQHandler                              build/startup_stm32f407xx.o
EXTI1_IRQHandler                                  build/startup_stm32f407xx.o
EXTI2_IRQHandler                                  build/startup_stm32f407xx.o
EXTI3_IRQHandler                                  build/startup_stm32f407xx.o
EXTI4_IRQHandler                                  build/startup_stm32f407xx.o
EXTI9_5_IRQHandler                                build/startup_stm32f407xx.o
Error_Handler                                     build/main.o
FLASH_Erase_Sector                                build/stm32f4xx_hal_flash_ex.o
                                                  build/stm32f4xx_hal_flash.o
FLASH_FlushCaches                                 build/stm32f4xx_hal_flash_ex.o
                                                  build/stm32f4xx_hal_flash.o
FLASH_IRQHandler                                  build/startup_stm32f407xx.o
FLASH_WaitForLastOperation                        build/stm32f4xx_hal_flash.o
                                                  build/stm32f4xx_hal_flash_ex.o
FPU_IRQHandler                                    build/startup_stm32f407xx.o
FSMC_IRQHandler                                   build/startup_stm32f407xx.o
HAL_DBGMCU_DisableDBGSleepMode                    build/stm32f4xx_hal.o
HAL_DBGMCU_DisableDBGStandbyMode                  build/stm32f4xx_hal.o
HAL_DBGMCU_DisableDBGStopMode                     build/stm32f4xx_hal.o
HAL_DBGMCU_EnableDBGSleepMode                     build/stm32f4xx_hal.o
HAL_DBGMCU_EnableDBGStandbyMode                   build/stm32f4xx_hal.o
HAL_DBGMCU_EnableDBGStopMode                      build/stm32f4xx_hal.o
HAL_DMAEx_ChangeMemory                            build/stm32f4xx_hal_dma_ex.o
HAL_DMAEx_MultiBufferStart                        build/stm32f4xx_hal_dma_ex.o
HAL_DMAEx_MultiBufferStart_IT                     build/stm32f4xx_hal_dma_ex.o
HAL_DMA_Abort                                     build/stm32f4xx_hal_dma.o
HAL_DMA_Abort_IT                                  build/stm32f4xx_hal_dma.o
                                                  build/stm32f4xx_hal_tim_ex.o
                                                  build/stm32f4xx_hal_tim.o
HAL_DMA_DeInit                                    build/stm32f4xx_hal_dma.o
HAL_DMA_GetError                                  build/stm32f4xx_hal_dma.o
HAL_DMA_GetState                                  build/stm32f4xx_hal_dma.o
HAL_DMA_IRQHandler                                build/stm32f4xx_hal_dma.o
HAL_DMA_Init                                      build/stm32f4xx_hal_dma.o
HAL_DMA_PollForTransfer                           build/stm32f4xx_hal_dma.o
HAL_DMA_RegisterCallback                          build/stm32f4xx_hal_dma.o
HAL_DMA_Start                                     build/stm32f4xx_hal_dma.o
HAL_DMA_Start_IT                                  build/stm32f4xx_hal_dma.o
                                                  build/stm32f4xx_hal_tim_ex.o
                                                  build/stm32f4xx_hal_tim.o
HAL_DMA_UnRegisterCallback                        build/stm32f4xx_hal_dma.o
HAL_DeInit                                        build/stm32f4xx_hal.o
HAL_Delay                                         build/stm32f4xx_hal.o
HAL_DisableCompensationCell                       build/stm32f4xx_hal.o
HAL_EXTI_ClearConfigLine                          build/stm32f4xx_hal_exti.o
HAL_EXTI_ClearPending                             build/stm32f4xx_hal_exti.o
HAL_EXTI_GenerateSWI                              build/stm32f4xx_hal_exti.o
HAL_EXTI_GetConfigLine                            build/stm32f4xx_hal_exti.o
HAL_EXTI_GetHandle                                build/stm32f4xx_hal_exti.o
HAL_EXTI_GetPending                               build/stm32f4xx_hal_exti.o
HAL_EXTI_IRQHandler                               build/stm32f4xx_hal_exti.o
HAL_EXTI_RegisterCallback                         build/stm32f4xx_hal_exti.o
HAL_EXTI_SetConfigLine                            build/stm32f4xx_hal_exti.o
HAL_EnableCompensationCell                        build/stm32f4xx_hal.o
HAL_FLASHEx_Erase                                 build/stm32f4xx_hal_flash_ex.o
HAL_FLASHEx_Erase_IT                              build/stm32f4xx_hal_flash_ex.o
HAL_FLASHEx_OBGetConfig                           build/stm32f4xx_hal_flash_ex.o
HAL_FLASHEx_OBProgram                             build/stm32f4xx_hal_flash_ex.o
HAL_FLASH_EndOfOperationCallback                  build/stm32f4xx_hal_flash.o
HAL_FLASH_GetError                                build/stm32f4xx_hal_flash.o
HAL_FLASH_IRQHandler                              build/stm32f4xx_hal_flash.o
HAL_FLASH_Lock                                    build/stm32f4xx_hal_flash.o
HAL_FLASH_OB_Launch                               build/stm32f4xx_hal_flash.o
HAL_FLASH_OB_Lock                                 build/stm32f4xx_hal_flash.o
HAL_FLASH_OB_Unlock                               build/stm32f4xx_hal_flash.o
HAL_FLASH_OperationErrorCallback                  build/stm32f4xx_hal_flash.o
HAL_FLASH_Program                                 build/stm32f4xx_hal_flash.o
HAL_FLASH_Program_IT                              build/stm32f4xx_hal_flash.o
HAL_FLASH_Unlock                                  build/stm32f4xx_hal_flash.o
HAL_GPIO_DeInit                                   build/stm32f4xx_hal_gpio.o
HAL_GPIO_EXTI_Callback                            build/stm32f4xx_hal_gpio.o
HAL_GPIO_EXTI_IRQHandler                          build/stm32f4xx_hal_gpio.o
HAL_GPIO_Init                                     build/stm32f4xx_hal_gpio.o
                                                  build/stm32f4xx_hal_rcc.o
                                                  build/gpio.o
HAL_GPIO_LockPin                                  build/stm32f4xx_hal_gpio.o
HAL_GPIO_ReadPin                                  build/stm32f4xx_hal_gpio.o
                                                  build/my_AppTask.o
HAL_GPIO_TogglePin                                build/stm32f4xx_hal_gpio.o
HAL_GPIO_WritePin                                 build/stm32f4xx_hal_gpio.o
                                                  build/gpio.o
                                                  build/my_AppTask.o
HAL_GetDEVID                                      build/stm32f4xx_hal.o
HAL_GetHalVersion                                 build/stm32f4xx_hal.o
HAL_GetREVID                                      build/stm32f4xx_hal.o
HAL_GetTick                                       build/stm32f4xx_hal.o
                                                  build/stm32f4xx_hal_pwr_ex.o
                                                  build/stm32f4xx_hal_dma.o
                                                  build/stm32f4xx_hal_flash.o
                                                  build/stm32f4xx_hal_rcc_ex.o
                                                  build/stm32f4xx_hal_rcc.o
HAL_GetTickFreq                                   build/stm32f4xx_hal.o
HAL_GetTickPrio                                   build/stm32f4xx_hal.o
HAL_GetUIDw0                                      build/stm32f4xx_hal.o
HAL_GetUIDw1                                      build/stm32f4xx_hal.o
HAL_GetUIDw2                                      build/stm32f4xx_hal.o
HAL_IncTick                                       build/stm32f4xx_hal.o
                                                  build/main.o
HAL_Init                                          build/stm32f4xx_hal.o
                                                  build/main.o
HAL_InitTick                                      build/stm32f4xx_hal_timebase_tim.o
                                                  build/stm32f4xx_hal_rcc_ex.o
                                                  build/stm32f4xx_hal_rcc.o
HAL_MPU_ConfigRegion                              build/stm32f4xx_hal_cortex.o
HAL_MPU_Disable                                   build/stm32f4xx_hal_cortex.o
HAL_MPU_Enable                                    build/stm32f4xx_hal_cortex.o
HAL_MspDeInit                                     build/stm32f4xx_hal.o
HAL_MspInit                                       build/stm32f4xx_hal_msp.o
HAL_NVIC_ClearPendingIRQ                          build/stm32f4xx_hal_cortex.o
HAL_NVIC_DisableIRQ                               build/stm32f4xx_hal_cortex.o
HAL_NVIC_EnableIRQ                                build/stm32f4xx_hal_cortex.o
                                                  build/stm32f4xx_hal_timebase_tim.o
HAL_NVIC_GetActive                                build/stm32f4xx_hal_cortex.o
HAL_NVIC_GetPendingIRQ                            build/stm32f4xx_hal_cortex.o
HAL_NVIC_GetPriority                              build/stm32f4xx_hal_cortex.o
HAL_NVIC_GetPriorityGrouping                      build/stm32f4xx_hal_cortex.o
HAL_NVIC_SetPendingIRQ                            build/stm32f4xx_hal_cortex.o
HAL_NVIC_SetPriority                              build/stm32f4xx_hal_cortex.o
                                                  build/stm32f4xx_hal.o
                                                  build/stm32f4xx_hal_timebase_tim.o
HAL_NVIC_SetPriorityGrouping                      build/stm32f4xx_hal_cortex.o
                                                  build/stm32f4xx_hal.o
HAL_NVIC_SystemReset                              build/stm32f4xx_hal_cortex.o
HAL_PWREx_ControlVoltageScaling                   build/stm32f4xx_hal_pwr_ex.o
HAL_PWREx_DisableBkUpReg                          build/stm32f4xx_hal_pwr_ex.o
HAL_PWREx_DisableFlashPowerDown                   build/stm32f4xx_hal_pwr_ex.o
HAL_PWREx_EnableBkUpReg                           build/stm32f4xx_hal_pwr_ex.o
HAL_PWREx_EnableFlashPowerDown                    build/stm32f4xx_hal_pwr_ex.o
HAL_PWREx_GetVoltageRange                         build/stm32f4xx_hal_pwr_ex.o
HAL_PWR_ConfigPVD                                 build/stm32f4xx_hal_pwr.o
HAL_PWR_DeInit                                    build/stm32f4xx_hal_pwr.o
HAL_PWR_DisableBkUpAccess                         build/stm32f4xx_hal_pwr.o
HAL_PWR_DisablePVD                                build/stm32f4xx_hal_pwr.o
HAL_PWR_DisableSEVOnPend                          build/stm32f4xx_hal_pwr.o
HAL_PWR_DisableSleepOnExit                        build/stm32f4xx_hal_pwr.o
HAL_PWR_DisableWakeUpPin                          build/stm32f4xx_hal_pwr.o
HAL_PWR_EnableBkUpAccess                          build/stm32f4xx_hal_pwr.o
HAL_PWR_EnablePVD                                 build/stm32f4xx_hal_pwr.o
HAL_PWR_EnableSEVOnPend                           build/stm32f4xx_hal_pwr.o
HAL_PWR_EnableSleepOnExit                         build/stm32f4xx_hal_pwr.o
HAL_PWR_EnableWakeUpPin                           build/stm32f4xx_hal_pwr.o
HAL_PWR_EnterSLEEPMode                            build/stm32f4xx_hal_pwr.o
HAL_PWR_EnterSTANDBYMode                          build/stm32f4xx_hal_pwr.o
HAL_PWR_EnterSTOPMode                             build/stm32f4xx_hal_pwr.o
HAL_PWR_PVDCallback                               build/stm32f4xx_hal_pwr.o
HAL_PWR_PVD_IRQHandler                            build/stm32f4xx_hal_pwr.o
HAL_RCCEx_DisablePLLI2S                           build/stm32f4xx_hal_rcc_ex.o
HAL_RCCEx_EnablePLLI2S                            build/stm32f4xx_hal_rcc_ex.o
HAL_RCCEx_GetPeriphCLKConfig                      build/stm32f4xx_hal_rcc_ex.o
HAL_RCCEx_GetPeriphCLKFreq                        build/stm32f4xx_hal_rcc_ex.o
HAL_RCCEx_PeriphCLKConfig                         build/stm32f4xx_hal_rcc_ex.o
HAL_RCC_CSSCallback                               build/stm32f4xx_hal_rcc.o
HAL_RCC_ClockConfig                               build/stm32f4xx_hal_rcc.o
                                                  build/main.o
HAL_RCC_DeInit                                    build/stm32f4xx_hal_rcc_ex.o
                                                  build/stm32f4xx_hal_rcc.o
HAL_RCC_DisableCSS                                build/stm32f4xx_hal_rcc.o
HAL_RCC_EnableCSS                                 build/stm32f4xx_hal_rcc.o
HAL_RCC_GetClockConfig                            build/stm32f4xx_hal_rcc.o
                                                  build/stm32f4xx_hal_timebase_tim.o
HAL_RCC_GetHCLKFreq                               build/stm32f4xx_hal_rcc.o
HAL_RCC_GetOscConfig                              build/stm32f4xx_hal_rcc.o
HAL_RCC_GetPCLK1Freq                              build/stm32f4xx_hal_rcc.o
                                                  build/stm32f4xx_hal_timebase_tim.o
HAL_RCC_GetPCLK2Freq                              build/stm32f4xx_hal_rcc.o
HAL_RCC_GetSysClockFreq                           build/stm32f4xx_hal_rcc.o
HAL_RCC_MCOConfig                                 build/stm32f4xx_hal_rcc.o
HAL_RCC_NMI_IRQHandler                            build/stm32f4xx_hal_rcc.o
HAL_RCC_OscConfig                                 build/stm32f4xx_hal_rcc.o
                                                  build/main.o
HAL_ResumeTick                                    build/stm32f4xx_hal_timebase_tim.o
HAL_SYSTICK_CLKSourceConfig                       build/stm32f4xx_hal_cortex.o
HAL_SYSTICK_Callback                              build/stm32f4xx_hal_cortex.o
HAL_SYSTICK_Config                                build/stm32f4xx_hal_cortex.o
                                                  build/stm32f4xx_hal.o
HAL_SYSTICK_IRQHandler                            build/stm32f4xx_hal_cortex.o
HAL_SetTickFreq                                   build/stm32f4xx_hal.o
HAL_SuspendTick                                   build/stm32f4xx_hal_timebase_tim.o
HAL_TIMEx_BreakCallback                           build/stm32f4xx_hal_tim_ex.o
                                                  build/stm32f4xx_hal_tim.o
HAL_TIMEx_CommutCallback                          build/stm32f4xx_hal_tim_ex.o
                                                  build/stm32f4xx_hal_tim.o
HAL_TIMEx_CommutHalfCpltCallback                  build/stm32f4xx_hal_tim_ex.o
HAL_TIMEx_ConfigBreakDeadTime                     build/stm32f4xx_hal_tim_ex.o
HAL_TIMEx_ConfigCommutEvent                       build/stm32f4xx_hal_tim_ex.o
HAL_TIMEx_ConfigCommutEvent_DMA                   build/stm32f4xx_hal_tim_ex.o
HAL_TIMEx_ConfigCommutEvent_IT                    build/stm32f4xx_hal_tim_ex.o
HAL_TIMEx_GetChannelNState                        build/stm32f4xx_hal_tim_ex.o
HAL_TIMEx_HallSensor_DeInit                       build/stm32f4xx_hal_tim_ex.o
HAL_TIMEx_HallSensor_GetState                     build/stm32f4xx_hal_tim_ex.o
HAL_TIMEx_HallSensor_Init                         build/stm32f4xx_hal_tim_ex.o
HAL_TIMEx_HallSensor_MspDeInit                    build/stm32f4xx_hal_tim_ex.o
HAL_TIMEx_HallSensor_MspInit                      build/stm32f4xx_hal_tim_ex.o
HAL_TIMEx_HallSensor_Start                        build/stm32f4xx_hal_tim_ex.o
HAL_TIMEx_HallSensor_Start_DMA                    build/stm32f4xx_hal_tim_ex.o
HAL_TIMEx_HallSensor_Start_IT                     build/stm32f4xx_hal_tim_ex.o
HAL_TIMEx_HallSensor_Stop                         build/stm32f4xx_hal_tim_ex.o
HAL_TIMEx_HallSensor_Stop_DMA                     build/stm32f4xx_hal_tim_ex.o
HAL_TIMEx_HallSensor_Stop_IT                      build/stm32f4xx_hal_tim_ex.o
HAL_TIMEx_MasterConfigSynchronization             build/stm32f4xx_hal_tim_ex.o
HAL_TIMEx_OCN_Start                               build/stm32f4xx_hal_tim_ex.o
HAL_TIMEx_OCN_Start_DMA                           build/stm32f4xx_hal_tim_ex.o
HAL_TIMEx_OCN_Start_IT                            build/stm32f4xx_hal_tim_ex.o
HAL_TIMEx_OCN_Stop                                build/stm32f4xx_hal_tim_ex.o
HAL_TIMEx_OCN_Stop_DMA                            build/stm32f4xx_hal_tim_ex.o
HAL_TIMEx_OCN_Stop_IT                             build/stm32f4xx_hal_tim_ex.o
HAL_TIMEx_OnePulseN_Start                         build/stm32f4xx_hal_tim_ex.o
HAL_TIMEx_OnePulseN_Start_IT                      build/stm32f4xx_hal_tim_ex.o
HAL_TIMEx_OnePulseN_Stop                          build/stm32f4xx_hal_tim_ex.o
HAL_TIMEx_OnePulseN_Stop_IT                       build/stm32f4xx_hal_tim_ex.o
HAL_TIMEx_PWMN_Start                              build/stm32f4xx_hal_tim_ex.o
HAL_TIMEx_PWMN_Start_DMA                          build/stm32f4xx_hal_tim_ex.o
HAL_TIMEx_PWMN_Start_IT                           build/stm32f4xx_hal_tim_ex.o
HAL_TIMEx_PWMN_Stop                               build/stm32f4xx_hal_tim_ex.o
HAL_TIMEx_PWMN_Stop_DMA                           build/stm32f4xx_hal_tim_ex.o
HAL_TIMEx_PWMN_Stop_IT                            build/stm32f4xx_hal_tim_ex.o
HAL_TIMEx_RemapConfig                             build/stm32f4xx_hal_tim_ex.o
HAL_TIM_Base_DeInit                               build/stm32f4xx_hal_tim.o
HAL_TIM_Base_GetState                             build/stm32f4xx_hal_tim.o
HAL_TIM_Base_Init                                 build/stm32f4xx_hal_tim.o
                                                  build/stm32f4xx_hal_timebase_tim.o
HAL_TIM_Base_MspDeInit                            build/stm32f4xx_hal_tim.o
HAL_TIM_Base_MspInit                              build/stm32f4xx_hal_tim.o
HAL_TIM_Base_Start                                build/stm32f4xx_hal_tim.o
HAL_TIM_Base_Start_DMA                            build/stm32f4xx_hal_tim.o
HAL_TIM_Base_Start_IT                             build/stm32f4xx_hal_tim.o
                                                  build/stm32f4xx_hal_timebase_tim.o
HAL_TIM_Base_Stop                                 build/stm32f4xx_hal_tim.o
HAL_TIM_Base_Stop_DMA                             build/stm32f4xx_hal_tim.o
HAL_TIM_Base_Stop_IT                              build/stm32f4xx_hal_tim.o
HAL_TIM_ConfigClockSource                         build/stm32f4xx_hal_tim.o
HAL_TIM_ConfigOCrefClear                          build/stm32f4xx_hal_tim.o
HAL_TIM_ConfigTI1Input                            build/stm32f4xx_hal_tim.o
HAL_TIM_DMABurstState                             build/stm32f4xx_hal_tim.o
HAL_TIM_DMABurst_MultiReadStart                   build/stm32f4xx_hal_tim.o
HAL_TIM_DMABurst_MultiWriteStart                  build/stm32f4xx_hal_tim.o
HAL_TIM_DMABurst_ReadStart                        build/stm32f4xx_hal_tim.o
HAL_TIM_DMABurst_ReadStop                         build/stm32f4xx_hal_tim.o
HAL_TIM_DMABurst_WriteStart                       build/stm32f4xx_hal_tim.o
HAL_TIM_DMABurst_WriteStop                        build/stm32f4xx_hal_tim.o
HAL_TIM_Encoder_DeInit                            build/stm32f4xx_hal_tim.o
HAL_TIM_Encoder_GetState                          build/stm32f4xx_hal_tim.o
HAL_TIM_Encoder_Init                              build/stm32f4xx_hal_tim.o
HAL_TIM_Encoder_MspDeInit                         build/stm32f4xx_hal_tim.o
HAL_TIM_Encoder_MspInit                           build/stm32f4xx_hal_tim.o
HAL_TIM_Encoder_Start                             build/stm32f4xx_hal_tim.o
HAL_TIM_Encoder_Start_DMA                         build/stm32f4xx_hal_tim.o
HAL_TIM_Encoder_Start_IT                          build/stm32f4xx_hal_tim.o
HAL_TIM_Encoder_Stop                              build/stm32f4xx_hal_tim.o
HAL_TIM_Encoder_Stop_DMA                          build/stm32f4xx_hal_tim.o
HAL_TIM_Encoder_Stop_IT                           build/stm32f4xx_hal_tim.o
HAL_TIM_ErrorCallback                             build/stm32f4xx_hal_tim.o
                                                  build/stm32f4xx_hal_tim_ex.o
HAL_TIM_GenerateEvent                             build/stm32f4xx_hal_tim.o
HAL_TIM_GetActiveChannel                          build/stm32f4xx_hal_tim.o
HAL_TIM_GetChannelState                           build/stm32f4xx_hal_tim.o
HAL_TIM_IC_CaptureCallback                        build/stm32f4xx_hal_tim.o
HAL_TIM_IC_CaptureHalfCpltCallback                build/stm32f4xx_hal_tim.o
HAL_TIM_IC_ConfigChannel                          build/stm32f4xx_hal_tim.o
HAL_TIM_IC_DeInit                                 build/stm32f4xx_hal_tim.o
HAL_TIM_IC_GetState                               build/stm32f4xx_hal_tim.o
HAL_TIM_IC_Init                                   build/stm32f4xx_hal_tim.o
HAL_TIM_IC_MspDeInit                              build/stm32f4xx_hal_tim.o
HAL_TIM_IC_MspInit                                build/stm32f4xx_hal_tim.o
HAL_TIM_IC_Start                                  build/stm32f4xx_hal_tim.o
HAL_TIM_IC_Start_DMA                              build/stm32f4xx_hal_tim.o
HAL_TIM_IC_Start_IT                               build/stm32f4xx_hal_tim.o
HAL_TIM_IC_Stop                                   build/stm32f4xx_hal_tim.o
HAL_TIM_IC_Stop_DMA                               build/stm32f4xx_hal_tim.o
HAL_TIM_IC_Stop_IT                                build/stm32f4xx_hal_tim.o
HAL_TIM_IRQHandler                                build/stm32f4xx_hal_tim.o
                                                  build/stm32f4xx_it.o
HAL_TIM_OC_ConfigChannel                          build/stm32f4xx_hal_tim.o
HAL_TIM_OC_DeInit                                 build/stm32f4xx_hal_tim.o
HAL_TIM_OC_DelayElapsedCallback                   build/stm32f4xx_hal_tim.o
HAL_TIM_OC_GetState                               build/stm32f4xx_hal_tim.o
HAL_TIM_OC_Init                                   build/stm32f4xx_hal_tim.o
HAL_TIM_OC_MspDeInit                              build/stm32f4xx_hal_tim.o
HAL_TIM_OC_MspInit                                build/stm32f4xx_hal_tim.o
HAL_TIM_OC_Start                                  build/stm32f4xx_hal_tim.o
HAL_TIM_OC_Start_DMA                              build/stm32f4xx_hal_tim.o
HAL_TIM_OC_Start_IT                               build/stm32f4xx_hal_tim.o
HAL_TIM_OC_Stop                                   build/stm32f4xx_hal_tim.o
HAL_TIM_OC_Stop_DMA                               build/stm32f4xx_hal_tim.o
HAL_TIM_OC_Stop_IT                                build/stm32f4xx_hal_tim.o
HAL_TIM_OnePulse_ConfigChannel                    build/stm32f4xx_hal_tim.o
HAL_TIM_OnePulse_DeInit                           build/stm32f4xx_hal_tim.o
HAL_TIM_OnePulse_GetState                         build/stm32f4xx_hal_tim.o
HAL_TIM_OnePulse_Init                             build/stm32f4xx_hal_tim.o
HAL_TIM_OnePulse_MspDeInit                        build/stm32f4xx_hal_tim.o
HAL_TIM_OnePulse_MspInit                          build/stm32f4xx_hal_tim.o
HAL_TIM_OnePulse_Start                            build/stm32f4xx_hal_tim.o
HAL_TIM_OnePulse_Start_IT                         build/stm32f4xx_hal_tim.o
HAL_TIM_OnePulse_Stop                             build/stm32f4xx_hal_tim.o
HAL_TIM_OnePulse_Stop_IT                          build/stm32f4xx_hal_tim.o
HAL_TIM_PWM_ConfigChannel                         build/stm32f4xx_hal_tim.o
HAL_TIM_PWM_DeInit                                build/stm32f4xx_hal_tim.o
HAL_TIM_PWM_GetState                              build/stm32f4xx_hal_tim.o
HAL_TIM_PWM_Init                                  build/stm32f4xx_hal_tim.o
HAL_TIM_PWM_MspDeInit                             build/stm32f4xx_hal_tim.o
HAL_TIM_PWM_MspInit                               build/stm32f4xx_hal_tim.o
HAL_TIM_PWM_PulseFinishedCallback                 build/stm32f4xx_hal_tim.o
                                                  build/stm32f4xx_hal_tim_ex.o
HAL_TIM_PWM_PulseFinishedHalfCpltCallback         build/stm32f4xx_hal_tim.o
HAL_TIM_PWM_Start                                 build/stm32f4xx_hal_tim.o
HAL_TIM_PWM_Start_DMA                             build/stm32f4xx_hal_tim.o
HAL_TIM_PWM_Start_IT                              build/stm32f4xx_hal_tim.o
HAL_TIM_PWM_Stop                                  build/stm32f4xx_hal_tim.o
HAL_TIM_PWM_Stop_DMA                              build/stm32f4xx_hal_tim.o
HAL_TIM_PWM_Stop_IT                               build/stm32f4xx_hal_tim.o
HAL_TIM_PeriodElapsedCallback                     build/main.o
HAL_TIM_PeriodElapsedHalfCpltCallback             build/stm32f4xx_hal_tim.o
HAL_TIM_ReadCapturedValue                         build/stm32f4xx_hal_tim.o
HAL_TIM_SlaveConfigSynchro                        build/stm32f4xx_hal_tim.o
HAL_TIM_SlaveConfigSynchro_IT                     build/stm32f4xx_hal_tim.o
HAL_TIM_TriggerCallback                           build/stm32f4xx_hal_tim.o
HAL_TIM_TriggerHalfCpltCallback                   build/stm32f4xx_hal_tim.o
HASH_RNG_IRQHandler                               build/startup_stm32f407xx.o
HardFault_Handler                                 build/stm32f4xx_it.o
I2C1_ER_IRQHandler                                build/startup_stm32f407xx.o
I2C1_EV_IRQHandler                                build/startup_stm32f407xx.o
I2C2_ER_IRQHandler                                build/startup_stm32f407xx.o
I2C2_EV_IRQHandler                                build/startup_stm32f407xx.o
I2C3_ER_IRQHandler                                build/startup_stm32f407xx.o
I2C3_EV_IRQHandler                                build/startup_stm32f407xx.o
MX_GPIO_Init                                      build/gpio.o
                                                  build/main.o
MemManage_Handler                                 build/stm32f4xx_it.o
NMI_Handler                                       build/stm32f4xx_it.o
OTG_FS_IRQHandler                                 build/startup_stm32f407xx.o
OTG_FS_WKUP_IRQHandler                            build/startup_stm32f407xx.o
OTG_HS_EP1_IN_IRQHandler                          build/startup_stm32f407xx.o
OTG_HS_EP1_OUT_IRQHandler                         build/startup_stm32f407xx.o
OTG_HS_IRQHandler                                 build/startup_stm32f407xx.o
OTG_HS_WKUP_IRQHandler                            build/startup_stm32f407xx.o
PVD_IRQHandler                                    build/startup_stm32f407xx.o
PendSV_Handler                                    build/port.o
RCC_IRQHandler                                    build/startup_stm32f407xx.o
RTC_Alarm_IRQHandler                              build/startup_stm32f407xx.o
RTC_WKUP_IRQHandler                               build/startup_stm32f407xx.o
Reset_Handler                                     build/startup_stm32f407xx.o
SDIO_IRQHandler                                   build/startup_stm32f407xx.o
SPI1_IRQHandler                                   build/startup_stm32f407xx.o
SPI2_IRQHandler                                   build/startup_stm32f407xx.o
SPI3_IRQHandler                                   build/startup_stm32f407xx.o
SVC_Handler                                       build/port.o
SysTick_Handler                                   build/port.o
SystemClock_Config                                build/main.o
SystemCoreClock                                   build/system_stm32f4xx.o
                                                  build/port.o
                                                  build/stm32f4xx_hal.o
                                                  build/stm32f4xx_hal_dma.o
                                                  build/stm32f4xx_hal_rcc_ex.o
                                                  build/stm32f4xx_hal_rcc.o
SystemCoreClockUpdate                             build/system_stm32f4xx.o
SystemInit                                        build/system_stm32f4xx.o
                                                  build/startup_stm32f407xx.o
TAMP_STAMP_IRQHandler                             build/startup_stm32f407xx.o
TIM1_BRK_TIM9_IRQHandler                          build/startup_stm32f407xx.o
TIM1_CC_IRQHandler                                build/startup_stm32f407xx.o
TIM1_TRG_COM_TIM11_IRQHandler                     build/startup_stm32f407xx.o
TIM1_UP_TIM10_IRQHandler                          build/startup_stm32f407xx.o
TIM2_IRQHandler                                   build/startup_stm32f407xx.o
TIM3_IRQHandler                                   build/startup_stm32f407xx.o
TIM4_IRQHandler                                   build/startup_stm32f407xx.o
TIM5_IRQHandler                                   build/startup_stm32f407xx.o
TIM6_DAC_IRQHandler                               build/stm32f4xx_it.o
TIM7_IRQHandler                                   build/startup_stm32f407xx.o
TIM8_BRK_TIM12_IRQHandler                         build/startup_stm32f407xx.o
TIM8_CC_IRQHandler                                build/startup_stm32f407xx.o
TIM8_TRG_COM_TIM14_IRQHandler                     build/startup_stm32f407xx.o
TIM8_UP_TIM13_IRQHandler                          build/startup_stm32f407xx.o
TIMEx_DMACommutationCplt                          build/stm32f4xx_hal_tim_ex.o
                                                  build/stm32f4xx_hal_tim.o
TIMEx_DMACommutationHalfCplt                      build/stm32f4xx_hal_tim_ex.o
                                                  build/stm32f4xx_hal_tim.o
TIM_Base_SetConfig                                build/stm32f4xx_hal_tim.o
                                                  build/stm32f4xx_hal_tim_ex.o
TIM_CCxChannelCmd                                 build/stm32f4xx_hal_tim.o
                                                  build/stm32f4xx_hal_tim_ex.o
TIM_DMACaptureCplt                                build/stm32f4xx_hal_tim.o
                                                  build/stm32f4xx_hal_tim_ex.o
TIM_DMACaptureHalfCplt                            build/stm32f4xx_hal_tim.o
                                                  build/stm32f4xx_hal_tim_ex.o
TIM_DMADelayPulseHalfCplt                         build/stm32f4xx_hal_tim.o
                                                  build/stm32f4xx_hal_tim_ex.o
TIM_DMAError                                      build/stm32f4xx_hal_tim.o
                                                  build/stm32f4xx_hal_tim_ex.o
TIM_ETR_SetConfig                                 build/stm32f4xx_hal_tim.o
TIM_OC2_SetConfig                                 build/stm32f4xx_hal_tim.o
                                                  build/stm32f4xx_hal_tim_ex.o
TIM_TI1_SetConfig                                 build/stm32f4xx_hal_tim.o
                                                  build/stm32f4xx_hal_tim_ex.o
UART4_IRQHandler                                  build/startup_stm32f407xx.o
UART5_IRQHandler                                  build/startup_stm32f407xx.o
USART1_IRQHandler                                 build/startup_stm32f407xx.o
USART2_IRQHandler                                 build/startup_stm32f407xx.o
USART3_IRQHandler                                 build/startup_stm32f407xx.o
USART6_IRQHandler                                 build/startup_stm32f407xx.o
UsageFault_Handler                                build/stm32f4xx_it.o
WWDG_IRQHandler                                   build/startup_stm32f407xx.o
_ITM_deregisterTMCloneTable                       c:/dev/tools/arm-gnu-toolchain/bin/../lib/gcc/arm-none-eabi/12.2.1/thumb/v7e-m+fp/hard/crtbegin.o
_ITM_registerTMCloneTable                         c:/dev/tools/arm-gnu-toolchain/bin/../lib/gcc/arm-none-eabi/12.2.1/thumb/v7e-m+fp/hard/crtbegin.o
__TMC_END__                                       c:/dev/tools/arm-gnu-toolchain/bin/../lib/gcc/arm-none-eabi/12.2.1/thumb/v7e-m+fp/hard/crtend.o
                                                  c:/dev/tools/arm-gnu-toolchain/bin/../lib/gcc/arm-none-eabi/12.2.1/thumb/v7e-m+fp/hard/crtbegin.o
__aeabi_idiv0                                     c:/dev/tools/arm-gnu-toolchain/bin/../lib/gcc/arm-none-eabi/12.2.1/thumb/v7e-m+fp/hard\libgcc.a(_dvmd_tls.o)
__aeabi_ldiv0                                     c:/dev/tools/arm-gnu-toolchain/bin/../lib/gcc/arm-none-eabi/12.2.1/thumb/v7e-m+fp/hard\libgcc.a(_dvmd_tls.o)
                                                  c:/dev/tools/arm-gnu-toolchain/bin/../lib/gcc/arm-none-eabi/12.2.1/thumb/v7e-m+fp/hard\libgcc.a(_aeabi_uldivmod.o)
__aeabi_uldivmod                                  c:/dev/tools/arm-gnu-toolchain/bin/../lib/gcc/arm-none-eabi/12.2.1/thumb/v7e-m+fp/hard\libgcc.a(_aeabi_uldivmod.o)
                                                  build/stm32f4xx_hal_rcc.o
__bss_end__                                       c:/dev/tools/arm-gnu-toolchain/bin/../lib/gcc/arm-none-eabi/12.2.1/thumb/v7e-m+fp/hard/crt0.o
__bss_start__                                     c:/dev/tools/arm-gnu-toolchain/bin/../lib/gcc/arm-none-eabi/12.2.1/thumb/v7e-m+fp/hard/crt0.o
__call_exitprocs                                  c:/dev/tools/arm-gnu-toolchain/bin/../lib/gcc/arm-none-eabi/12.2.1/thumb/v7e-m+fp/hard\libc_nano.a(libc_a-exit.o)
__deregister_frame_info                           c:/dev/tools/arm-gnu-toolchain/bin/../lib/gcc/arm-none-eabi/12.2.1/thumb/v7e-m+fp/hard/crtbegin.o
__dso_handle                                      c:/dev/tools/arm-gnu-toolchain/bin/../lib/gcc/arm-none-eabi/12.2.1/thumb/v7e-m+fp/hard/crtbegin.o
__fp_lock_all                                     c:/dev/tools/arm-gnu-toolchain/bin/../lib/gcc/arm-none-eabi/12.2.1/thumb/v7e-m+fp/hard\libc_nano.a(libc_a-findfp.o)
__fp_unlock_all                                   c:/dev/tools/arm-gnu-toolchain/bin/../lib/gcc/arm-none-eabi/12.2.1/thumb/v7e-m+fp/hard\libc_nano.a(libc_a-findfp.o)
__init_array_end                                  c:/dev/tools/arm-gnu-toolchain/bin/../lib/gcc/arm-none-eabi/12.2.1/thumb/v7e-m+fp/hard\libc_nano.a(libc_a-init.o)
__init_array_start                                c:/dev/tools/arm-gnu-toolchain/bin/../lib/gcc/arm-none-eabi/12.2.1/thumb/v7e-m+fp/hard\libc_nano.a(libc_a-init.o)
__libc_fini_array                                 c:/dev/tools/arm-gnu-toolchain/bin/../lib/gcc/arm-none-eabi/12.2.1/thumb/v7e-m+fp/hard/crt0.o
__libc_init_array                                 c:/dev/tools/arm-gnu-toolchain/bin/../lib/gcc/arm-none-eabi/12.2.1/thumb/v7e-m+fp/hard\libc_nano.a(libc_a-init.o)
                                                  build/startup_stm32f407xx.o
                                                  c:/dev/tools/arm-gnu-toolchain/bin/../lib/gcc/arm-none-eabi/12.2.1/thumb/v7e-m+fp/hard/crt0.o
__lock___arc4random_mutex                         c:/dev/tools/arm-gnu-toolchain/bin/../lib/gcc/arm-none-eabi/12.2.1/thumb/v7e-m+fp/hard\libc_nano.a(libc_a-lock.o)
__lock___at_quick_exit_mutex                      c:/dev/tools/arm-gnu-toolchain/bin/../lib/gcc/arm-none-eabi/12.2.1/thumb/v7e-m+fp/hard\libc_nano.a(libc_a-lock.o)
__lock___atexit_recursive_mutex                   c:/dev/tools/arm-gnu-toolchain/bin/../lib/gcc/arm-none-eabi/12.2.1/thumb/v7e-m+fp/hard\libc_nano.a(libc_a-lock.o)
__lock___dd_hash_mutex                            c:/dev/tools/arm-gnu-toolchain/bin/../lib/gcc/arm-none-eabi/12.2.1/thumb/v7e-m+fp/hard\libc_nano.a(libc_a-lock.o)
__lock___env_recursive_mutex                      c:/dev/tools/arm-gnu-toolchain/bin/../lib/gcc/arm-none-eabi/12.2.1/thumb/v7e-m+fp/hard\libc_nano.a(libc_a-lock.o)
__lock___malloc_recursive_mutex                   c:/dev/tools/arm-gnu-toolchain/bin/../lib/gcc/arm-none-eabi/12.2.1/thumb/v7e-m+fp/hard\libc_nano.a(libc_a-lock.o)
                                                  c:/dev/tools/arm-gnu-toolchain/bin/../lib/gcc/arm-none-eabi/12.2.1/thumb/v7e-m+fp/hard\libc_nano.a(libc_a-mlock.o)
__lock___sfp_recursive_mutex                      c:/dev/tools/arm-gnu-toolchain/bin/../lib/gcc/arm-none-eabi/12.2.1/thumb/v7e-m+fp/hard\libc_nano.a(libc_a-lock.o)
                                                  c:/dev/tools/arm-gnu-toolchain/bin/../lib/gcc/arm-none-eabi/12.2.1/thumb/v7e-m+fp/hard\libc_nano.a(libc_a-findfp.o)
__lock___tz_mutex                                 c:/dev/tools/arm-gnu-toolchain/bin/../lib/gcc/arm-none-eabi/12.2.1/thumb/v7e-m+fp/hard\libc_nano.a(libc_a-lock.o)
__malloc_free_list                                c:/dev/tools/arm-gnu-toolchain/bin/../lib/gcc/arm-none-eabi/12.2.1/thumb/v7e-m+fp/hard\libc_nano.a(libc_a-mallocr.o)
                                                  c:/dev/tools/arm-gnu-toolchain/bin/../lib/gcc/arm-none-eabi/12.2.1/thumb/v7e-m+fp/hard\libc_nano.a(libc_a-freer.o)
__malloc_lock                                     c:/dev/tools/arm-gnu-toolchain/bin/../lib/gcc/arm-none-eabi/12.2.1/thumb/v7e-m+fp/hard\libc_nano.a(libc_a-mlock.o)
                                                  c:/dev/tools/arm-gnu-toolchain/bin/../lib/gcc/arm-none-eabi/12.2.1/thumb/v7e-m+fp/hard\libc_nano.a(libc_a-mallocr.o)
                                                  c:/dev/tools/arm-gnu-toolchain/bin/../lib/gcc/arm-none-eabi/12.2.1/thumb/v7e-m+fp/hard\libc_nano.a(libc_a-freer.o)
__malloc_sbrk_start                               c:/dev/tools/arm-gnu-toolchain/bin/../lib/gcc/arm-none-eabi/12.2.1/thumb/v7e-m+fp/hard\libc_nano.a(libc_a-mallocr.o)
__malloc_unlock                                   c:/dev/tools/arm-gnu-toolchain/bin/../lib/gcc/arm-none-eabi/12.2.1/thumb/v7e-m+fp/hard\libc_nano.a(libc_a-mlock.o)
                                                  c:/dev/tools/arm-gnu-toolchain/bin/../lib/gcc/arm-none-eabi/12.2.1/thumb/v7e-m+fp/hard\libc_nano.a(libc_a-mallocr.o)
                                                  c:/dev/tools/arm-gnu-toolchain/bin/../lib/gcc/arm-none-eabi/12.2.1/thumb/v7e-m+fp/hard\libc_nano.a(libc_a-freer.o)
__preinit_array_end                               c:/dev/tools/arm-gnu-toolchain/bin/../lib/gcc/arm-none-eabi/12.2.1/thumb/v7e-m+fp/hard\libc_nano.a(libc_a-init.o)
__preinit_array_start                             c:/dev/tools/arm-gnu-toolchain/bin/../lib/gcc/arm-none-eabi/12.2.1/thumb/v7e-m+fp/hard\libc_nano.a(libc_a-init.o)
__register_frame_info                             c:/dev/tools/arm-gnu-toolchain/bin/../lib/gcc/arm-none-eabi/12.2.1/thumb/v7e-m+fp/hard/crtbegin.o
__retarget_lock_acquire                           c:/dev/tools/arm-gnu-toolchain/bin/../lib/gcc/arm-none-eabi/12.2.1/thumb/v7e-m+fp/hard\libc_nano.a(libc_a-lock.o)
__retarget_lock_acquire_recursive                 c:/dev/tools/arm-gnu-toolchain/bin/../lib/gcc/arm-none-eabi/12.2.1/thumb/v7e-m+fp/hard\libc_nano.a(libc_a-lock.o)
                                                  c:/dev/tools/arm-gnu-toolchain/bin/../lib/gcc/arm-none-eabi/12.2.1/thumb/v7e-m+fp/hard\libc_nano.a(libc_a-fflush.o)
                                                  c:/dev/tools/arm-gnu-toolchain/bin/../lib/gcc/arm-none-eabi/12.2.1/thumb/v7e-m+fp/hard\libc_nano.a(libc_a-mlock.o)
                                                  c:/dev/tools/arm-gnu-toolchain/bin/../lib/gcc/arm-none-eabi/12.2.1/thumb/v7e-m+fp/hard\libc_nano.a(libc_a-findfp.o)
__retarget_lock_close                             c:/dev/tools/arm-gnu-toolchain/bin/../lib/gcc/arm-none-eabi/12.2.1/thumb/v7e-m+fp/hard\libc_nano.a(libc_a-lock.o)
__retarget_lock_close_recursive                   c:/dev/tools/arm-gnu-toolchain/bin/../lib/gcc/arm-none-eabi/12.2.1/thumb/v7e-m+fp/hard\libc_nano.a(libc_a-lock.o)
__retarget_lock_init                              c:/dev/tools/arm-gnu-toolchain/bin/../lib/gcc/arm-none-eabi/12.2.1/thumb/v7e-m+fp/hard\libc_nano.a(libc_a-lock.o)
__retarget_lock_init_recursive                    c:/dev/tools/arm-gnu-toolchain/bin/../lib/gcc/arm-none-eabi/12.2.1/thumb/v7e-m+fp/hard\libc_nano.a(libc_a-lock.o)
                                                  c:/dev/tools/arm-gnu-toolchain/bin/../lib/gcc/arm-none-eabi/12.2.1/thumb/v7e-m+fp/hard\libc_nano.a(libc_a-findfp.o)
__retarget_lock_release                           c:/dev/tools/arm-gnu-toolchain/bin/../lib/gcc/arm-none-eabi/12.2.1/thumb/v7e-m+fp/hard\libc_nano.a(libc_a-lock.o)
__retarget_lock_release_recursive                 c:/dev/tools/arm-gnu-toolchain/bin/../lib/gcc/arm-none-eabi/12.2.1/thumb/v7e-m+fp/hard\libc_nano.a(libc_a-lock.o)
                                                  c:/dev/tools/arm-gnu-toolchain/bin/../lib/gcc/arm-none-eabi/12.2.1/thumb/v7e-m+fp/hard\libc_nano.a(libc_a-fflush.o)
                                                  c:/dev/tools/arm-gnu-toolchain/bin/../lib/gcc/arm-none-eabi/12.2.1/thumb/v7e-m+fp/hard\libc_nano.a(libc_a-mlock.o)
                                                  c:/dev/tools/arm-gnu-toolchain/bin/../lib/gcc/arm-none-eabi/12.2.1/thumb/v7e-m+fp/hard\libc_nano.a(libc_a-findfp.o)
__retarget_lock_try_acquire                       c:/dev/tools/arm-gnu-toolchain/bin/../lib/gcc/arm-none-eabi/12.2.1/thumb/v7e-m+fp/hard\libc_nano.a(libc_a-lock.o)
__retarget_lock_try_acquire_recursive             c:/dev/tools/arm-gnu-toolchain/bin/../lib/gcc/arm-none-eabi/12.2.1/thumb/v7e-m+fp/hard\libc_nano.a(libc_a-lock.o)
__sclose                                          c:/dev/tools/arm-gnu-toolchain/bin/../lib/gcc/arm-none-eabi/12.2.1/thumb/v7e-m+fp/hard\libc_nano.a(libc_a-stdio.o)
                                                  c:/dev/tools/arm-gnu-toolchain/bin/../lib/gcc/arm-none-eabi/12.2.1/thumb/v7e-m+fp/hard\libc_nano.a(libc_a-findfp.o)
__seofread                                        c:/dev/tools/arm-gnu-toolchain/bin/../lib/gcc/arm-none-eabi/12.2.1/thumb/v7e-m+fp/hard\libc_nano.a(libc_a-stdio.o)
__sf                                              c:/dev/tools/arm-gnu-toolchain/bin/../lib/gcc/arm-none-eabi/12.2.1/thumb/v7e-m+fp/hard\libc_nano.a(libc_a-findfp.o)
                                                  c:/dev/tools/arm-gnu-toolchain/bin/../lib/gcc/arm-none-eabi/12.2.1/thumb/v7e-m+fp/hard\libc_nano.a(libc_a-impure.o)
__sflush_r                                        c:/dev/tools/arm-gnu-toolchain/bin/../lib/gcc/arm-none-eabi/12.2.1/thumb/v7e-m+fp/hard\libc_nano.a(libc_a-fflush.o)
__sfp                                             c:/dev/tools/arm-gnu-toolchain/bin/../lib/gcc/arm-none-eabi/12.2.1/thumb/v7e-m+fp/hard\libc_nano.a(libc_a-findfp.o)
__sfp_lock_acquire                                c:/dev/tools/arm-gnu-toolchain/bin/../lib/gcc/arm-none-eabi/12.2.1/thumb/v7e-m+fp/hard\libc_nano.a(libc_a-findfp.o)
__sfp_lock_release                                c:/dev/tools/arm-gnu-toolchain/bin/../lib/gcc/arm-none-eabi/12.2.1/thumb/v7e-m+fp/hard\libc_nano.a(libc_a-findfp.o)
__sglue                                           c:/dev/tools/arm-gnu-toolchain/bin/../lib/gcc/arm-none-eabi/12.2.1/thumb/v7e-m+fp/hard\libc_nano.a(libc_a-findfp.o)
                                                  c:/dev/tools/arm-gnu-toolchain/bin/../lib/gcc/arm-none-eabi/12.2.1/thumb/v7e-m+fp/hard\libc_nano.a(libc_a-fflush.o)
__sinit                                           c:/dev/tools/arm-gnu-toolchain/bin/../lib/gcc/arm-none-eabi/12.2.1/thumb/v7e-m+fp/hard\libc_nano.a(libc_a-findfp.o)
                                                  c:/dev/tools/arm-gnu-toolchain/bin/../lib/gcc/arm-none-eabi/12.2.1/thumb/v7e-m+fp/hard\libc_nano.a(libc_a-fflush.o)
__sread                                           c:/dev/tools/arm-gnu-toolchain/bin/../lib/gcc/arm-none-eabi/12.2.1/thumb/v7e-m+fp/hard\libc_nano.a(libc_a-stdio.o)
                                                  c:/dev/tools/arm-gnu-toolchain/bin/../lib/gcc/arm-none-eabi/12.2.1/thumb/v7e-m+fp/hard\libc_nano.a(libc_a-findfp.o)
__sseek                                           c:/dev/tools/arm-gnu-toolchain/bin/../lib/gcc/arm-none-eabi/12.2.1/thumb/v7e-m+fp/hard\libc_nano.a(libc_a-stdio.o)
                                                  c:/dev/tools/arm-gnu-toolchain/bin/../lib/gcc/arm-none-eabi/12.2.1/thumb/v7e-m+fp/hard\libc_nano.a(libc_a-findfp.o)
__stack                                           c:/dev/tools/arm-gnu-toolchain/bin/../lib/gcc/arm-none-eabi/12.2.1/thumb/v7e-m+fp/hard/crt0.o
__stdio_exit_handler                              c:/dev/tools/arm-gnu-toolchain/bin/../lib/gcc/arm-none-eabi/12.2.1/thumb/v7e-m+fp/hard\libc_nano.a(libc_a-findfp.o)
                                                  c:/dev/tools/arm-gnu-toolchain/bin/../lib/gcc/arm-none-eabi/12.2.1/thumb/v7e-m+fp/hard\libc_nano.a(libc_a-exit.o)
__swrite                                          c:/dev/tools/arm-gnu-toolchain/bin/../lib/gcc/arm-none-eabi/12.2.1/thumb/v7e-m+fp/hard\libc_nano.a(libc_a-stdio.o)
                                                  c:/dev/tools/arm-gnu-toolchain/bin/../lib/gcc/arm-none-eabi/12.2.1/thumb/v7e-m+fp/hard\libc_nano.a(libc_a-findfp.o)
__udivmoddi4                                      c:/dev/tools/arm-gnu-toolchain/bin/../lib/gcc/arm-none-eabi/12.2.1/thumb/v7e-m+fp/hard\libgcc.a(_udivmoddi4.o)
                                                  c:/dev/tools/arm-gnu-toolchain/bin/../lib/gcc/arm-none-eabi/12.2.1/thumb/v7e-m+fp/hard\libgcc.a(_aeabi_uldivmod.o)
_close                                            c:/dev/tools/arm-gnu-toolchain/bin/../lib/gcc/arm-none-eabi/12.2.1/thumb/v7e-m+fp/hard\libnosys.a(close.o)
                                                  c:/dev/tools/arm-gnu-toolchain/bin/../lib/gcc/arm-none-eabi/12.2.1/thumb/v7e-m+fp/hard\libc_nano.a(libc_a-closer.o)
_close_r                                          c:/dev/tools/arm-gnu-toolchain/bin/../lib/gcc/arm-none-eabi/12.2.1/thumb/v7e-m+fp/hard\libc_nano.a(libc_a-closer.o)
                                                  c:/dev/tools/arm-gnu-toolchain/bin/../lib/gcc/arm-none-eabi/12.2.1/thumb/v7e-m+fp/hard\libc_nano.a(libc_a-stdio.o)
_ebss                                             build/startup_stm32f407xx.o
_edata                                            build/startup_stm32f407xx.o
_estack                                           build/startup_stm32f407xx.o
_exit                                             c:/dev/tools/arm-gnu-toolchain/bin/../lib/gcc/arm-none-eabi/12.2.1/thumb/v7e-m+fp/hard\libnosys.a(_exit.o)
                                                  c:/dev/tools/arm-gnu-toolchain/bin/../lib/gcc/arm-none-eabi/12.2.1/thumb/v7e-m+fp/hard\libc_nano.a(libc_a-exit.o)
_fflush_r                                         c:/dev/tools/arm-gnu-toolchain/bin/../lib/gcc/arm-none-eabi/12.2.1/thumb/v7e-m+fp/hard\libc_nano.a(libc_a-fflush.o)
                                                  c:/dev/tools/arm-gnu-toolchain/bin/../lib/gcc/arm-none-eabi/12.2.1/thumb/v7e-m+fp/hard\libc_nano.a(libc_a-findfp.o)
_fini                                             c:/dev/tools/arm-gnu-toolchain/bin/../lib/gcc/arm-none-eabi/12.2.1/thumb/v7e-m+fp/hard/crti.o
_free_r                                           c:/dev/tools/arm-gnu-toolchain/bin/../lib/gcc/arm-none-eabi/12.2.1/thumb/v7e-m+fp/hard\libc_nano.a(libc_a-freer.o)